Archive member included to satisfy reference by file (symbol)

C:\STM32Projects\POC_workspace\BatDetector2\libs\libarm_cortexM4lf_math.a(arm_fir_init_f32.o)
                              ./Core/Src/main.o (arm_fir_init_f32)
C:\STM32Projects\POC_workspace\BatDetector2\libs\libarm_cortexM4lf_math.a(arm_fir_f32.o)
                              ./Core/Src/main.o (arm_fir_f32)
C:/ST/STM32CubeIDE_1.16.1/STM32CubeIDE/plugins/com.st.stm32cube.ide.mcu.externaltools.gnu-tools-for-stm32.12.3.rel1.win32_1.0.200.202406191623/tools/bin/../lib/gcc/arm-none-eabi/12.3.1/../../../../arm-none-eabi/lib/thumb/v7e-m+fp/hard\libc_nano.a(libc_a-exit.o)
                              C:/ST/STM32CubeIDE_1.16.1/STM32CubeIDE/plugins/com.st.stm32cube.ide.mcu.externaltools.gnu-tools-for-stm32.12.3.rel1.win32_1.0.200.202406191623/tools/bin/../lib/gcc/arm-none-eabi/12.3.1/../../../../arm-none-eabi/lib/thumb/v7e-m+fp/hard/crt0.o (exit)
C:/ST/STM32CubeIDE_1.16.1/STM32CubeIDE/plugins/com.st.stm32cube.ide.mcu.externaltools.gnu-tools-for-stm32.12.3.rel1.win32_1.0.200.202406191623/tools/bin/../lib/gcc/arm-none-eabi/12.3.1/../../../../arm-none-eabi/lib/thumb/v7e-m+fp/hard\libc_nano.a(libc_a-malloc.o)
                              ./Middlewares/ST/STM32_USB_Host_Library/Class/CDC/Src/usbh_cdc.o (malloc)
C:/ST/STM32CubeIDE_1.16.1/STM32CubeIDE/plugins/com.st.stm32cube.ide.mcu.externaltools.gnu-tools-for-stm32.12.3.rel1.win32_1.0.200.202406191623/tools/bin/../lib/gcc/arm-none-eabi/12.3.1/../../../../arm-none-eabi/lib/thumb/v7e-m+fp/hard\libc_nano.a(libc_a-mallocr.o)
                              C:/ST/STM32CubeIDE_1.16.1/STM32CubeIDE/plugins/com.st.stm32cube.ide.mcu.externaltools.gnu-tools-for-stm32.12.3.rel1.win32_1.0.200.202406191623/tools/bin/../lib/gcc/arm-none-eabi/12.3.1/../../../../arm-none-eabi/lib/thumb/v7e-m+fp/hard\libc_nano.a(libc_a-malloc.o) (_malloc_r)
C:/ST/STM32CubeIDE_1.16.1/STM32CubeIDE/plugins/com.st.stm32cube.ide.mcu.externaltools.gnu-tools-for-stm32.12.3.rel1.win32_1.0.200.202406191623/tools/bin/../lib/gcc/arm-none-eabi/12.3.1/../../../../arm-none-eabi/lib/thumb/v7e-m+fp/hard\libc_nano.a(libc_a-mlock.o)
                              C:/ST/STM32CubeIDE_1.16.1/STM32CubeIDE/plugins/com.st.stm32cube.ide.mcu.externaltools.gnu-tools-for-stm32.12.3.rel1.win32_1.0.200.202406191623/tools/bin/../lib/gcc/arm-none-eabi/12.3.1/../../../../arm-none-eabi/lib/thumb/v7e-m+fp/hard\libc_nano.a(libc_a-mallocr.o) (__malloc_lock)
C:/ST/STM32CubeIDE_1.16.1/STM32CubeIDE/plugins/com.st.stm32cube.ide.mcu.externaltools.gnu-tools-for-stm32.12.3.rel1.win32_1.0.200.202406191623/tools/bin/../lib/gcc/arm-none-eabi/12.3.1/../../../../arm-none-eabi/lib/thumb/v7e-m+fp/hard\libc_nano.a(libc_a-findfp.o)
                              C:/ST/STM32CubeIDE_1.16.1/STM32CubeIDE/plugins/com.st.stm32cube.ide.mcu.externaltools.gnu-tools-for-stm32.12.3.rel1.win32_1.0.200.202406191623/tools/bin/../lib/gcc/arm-none-eabi/12.3.1/../../../../arm-none-eabi/lib/thumb/v7e-m+fp/hard\libc_nano.a(libc_a-exit.o) (__stdio_exit_handler)
C:/ST/STM32CubeIDE_1.16.1/STM32CubeIDE/plugins/com.st.stm32cube.ide.mcu.externaltools.gnu-tools-for-stm32.12.3.rel1.win32_1.0.200.202406191623/tools/bin/../lib/gcc/arm-none-eabi/12.3.1/../../../../arm-none-eabi/lib/thumb/v7e-m+fp/hard\libc_nano.a(libc_a-fwalk.o)
                              C:/ST/STM32CubeIDE_1.16.1/STM32CubeIDE/plugins/com.st.stm32cube.ide.mcu.externaltools.gnu-tools-for-stm32.12.3.rel1.win32_1.0.200.202406191623/tools/bin/../lib/gcc/arm-none-eabi/12.3.1/../../../../arm-none-eabi/lib/thumb/v7e-m+fp/hard\libc_nano.a(libc_a-findfp.o) (_fwalk_sglue)
C:/ST/STM32CubeIDE_1.16.1/STM32CubeIDE/plugins/com.st.stm32cube.ide.mcu.externaltools.gnu-tools-for-stm32.12.3.rel1.win32_1.0.200.202406191623/tools/bin/../lib/gcc/arm-none-eabi/12.3.1/../../../../arm-none-eabi/lib/thumb/v7e-m+fp/hard\libc_nano.a(libc_a-stdio.o)
                              C:/ST/STM32CubeIDE_1.16.1/STM32CubeIDE/plugins/com.st.stm32cube.ide.mcu.externaltools.gnu-tools-for-stm32.12.3.rel1.win32_1.0.200.202406191623/tools/bin/../lib/gcc/arm-none-eabi/12.3.1/../../../../arm-none-eabi/lib/thumb/v7e-m+fp/hard\libc_nano.a(libc_a-findfp.o) (__sread)
C:/ST/STM32CubeIDE_1.16.1/STM32CubeIDE/plugins/com.st.stm32cube.ide.mcu.externaltools.gnu-tools-for-stm32.12.3.rel1.win32_1.0.200.202406191623/tools/bin/../lib/gcc/arm-none-eabi/12.3.1/../../../../arm-none-eabi/lib/thumb/v7e-m+fp/hard\libc_nano.a(libc_a-memset.o)
                              C:/ST/STM32CubeIDE_1.16.1/STM32CubeIDE/plugins/com.st.stm32cube.ide.mcu.externaltools.gnu-tools-for-stm32.12.3.rel1.win32_1.0.200.202406191623/tools/bin/../lib/gcc/arm-none-eabi/12.3.1/../../../../arm-none-eabi/lib/thumb/v7e-m+fp/hard/crt0.o (memset)
C:/ST/STM32CubeIDE_1.16.1/STM32CubeIDE/plugins/com.st.stm32cube.ide.mcu.externaltools.gnu-tools-for-stm32.12.3.rel1.win32_1.0.200.202406191623/tools/bin/../lib/gcc/arm-none-eabi/12.3.1/../../../../arm-none-eabi/lib/thumb/v7e-m+fp/hard\libc_nano.a(libc_a-closer.o)
[...]
Memory Configuration

Name             Origin             Length             Attributes
RAM              0x20000000         0x00020000         xrw
FLASH            0x08000000         0x00080000         xr
*default*        0x00000000         0xffffffff

Linker script and memory map

LOAD C:/ST/STM32CubeIDE_1.16.1/STM32CubeIDE/plugins/com.st.stm32cube.ide.mcu.externaltools.gnu-tools-for-stm32.12.3.rel1.win32_1.0.200.202406191623/tools/bin/../lib/gcc/arm-none-eabi/12.3.1/thumb/v7e-m+fp/hard/crti.o
LOAD C:/ST/STM32CubeIDE_1.16.1/STM32CubeIDE/plugins/com.st.stm32cube.ide.mcu.externaltools.gnu-tools-for-stm32.12.3.rel1.win32_1.0.200.202406191623/tools/bin/../lib/gcc/arm-none-eabi/12.3.1/thumb/v7e-m+fp/hard/crtbegin.o
LOAD C:/ST/STM32CubeIDE_1.16.1/STM32CubeIDE/plugins/com.st.stm32cube.ide.mcu.externaltools.gnu-tools-for-stm32.12.3.rel1.win32_1.0.200.202406191623/tools/bin/../lib/gcc/arm-none-eabi/12.3.1/../../../../arm-none-eabi/lib/thumb/v7e-m+fp/hard/crt0.o
LOAD ./Core/Src/adc.o
LOAD ./Core/Src/gpio.o
LOAD ./Core/Src/i2c.o
LOAD ./Core/Src/i2s.o
LOAD ./Core/Src/main.o
LOAD ./Core/Src/spi.o
LOAD ./Core/Src/stm32f4xx_hal_msp.o
LOAD ./Core/Src/stm32f4xx_it.o
LOAD ./Core/Src/syscalls.o
LOAD ./Core/Src/sysmem.o
LOAD ./Core/Src/system_stm32f4xx.o
LOAD ./Core/Startup/startup_stm32f411vetx.o
LOAD ./Drivers/STM32F4xx_HAL_Driver/Src/stm32f4xx_hal.o
LOAD ./Drivers/STM32F4xx_HAL_Driver/Src/stm32f4xx_hal_adc.o
LOAD ./Drivers/STM32F4xx_HAL_Driver/Src/stm32f4xx_hal_adc_ex.o
LOAD ./Drivers/STM32F4xx_HAL_Driver/Src/stm32f4xx_hal_cortex.o
LOAD ./Drivers/STM32F4xx_HAL_Driver/Src/stm32f4xx_hal_dma.o
LOAD ./Drivers/STM32F4xx_HAL_Driver/Src/stm32f4xx_hal_dma_ex.o
LOAD ./Drivers/STM32F4xx_HAL_Driver/Src/stm32f4xx_hal_exti.o
LOAD ./Drivers/STM32F4xx_HAL_Driver/Src/stm32f4xx_hal_flash.o
LOAD ./Drivers/STM32F4xx_HAL_Driver/Src/stm32f4xx_hal_flash_ex.o
LOAD ./Drivers/STM32F4xx_HAL_Driver/Src/stm32f4xx_hal_flash_ramfunc.o
LOAD ./Drivers/STM32F4xx_HAL_Driver/Src/stm32f4xx_hal_gpio.o
LOAD ./Drivers/STM32F4xx_HAL_Driver/Src/stm32f4xx_hal_hcd.o
LOAD ./Drivers/STM32F4xx_HAL_Driver/Src/stm32f4xx_hal_i2c.o
LOAD ./Drivers/STM32F4xx_HAL_Driver/Src/stm32f4xx_hal_i2c_ex.o
LOAD ./Drivers/STM32F4xx_HAL_Driver/Src/stm32f4xx_hal_i2s.o
LOAD ./Drivers/STM32F4xx_HAL_Driver/Src/stm32f4xx_hal_i2s_ex.o
LOAD ./Drivers/STM32F4xx_HAL_Driver/Src/stm32f4xx_hal_pwr.o
LOAD ./Drivers/STM32F4xx_HAL_Driver/Src/stm32f4xx_hal_pwr_ex.o
LOAD ./Drivers/STM32F4xx_HAL_Driver/Src/stm32f4xx_hal_rcc.o
LOAD ./Drivers/STM32F4xx_HAL_Driver/Src/stm32f4xx_hal_rcc_ex.o
LOAD ./Drivers/STM32F4xx_HAL_Driver/Src/stm32f4xx_hal_spi.o
LOAD ./Drivers/STM32F4xx_HAL_Driver/Src/stm32f4xx_hal_tim.o
LOAD ./Drivers/STM32F4xx_HAL_Driver/Src/stm32f4xx_hal_tim_ex.o
LOAD ./Drivers/STM32F4xx_HAL_Driver/Src/stm32f4xx_ll_adc.o
LOAD ./Drivers/STM32F4xx_HAL_Driver/Src/stm32f4xx_ll_usb.o
LOAD ./Middlewares/ST/STM32_USB_Host_Library/Class/CDC/Src/usbh_cdc.o
LOAD ./Middlewares/ST/STM32_USB_Host_Library/Core/Src/usbh_core.o
LOAD ./Middlewares/ST/STM32_USB_Host_Library/Core/Src/usbh_ctlreq.o
LOAD ./Middlewares/ST/STM32_USB_Host_Library/Core/Src/usbh_ioreq.o
LOAD ./Middlewares/ST/STM32_USB_Host_Library/Core/Src/usbh_pipes.o
LOAD ./USB_HOST/App/usb_host.o
LOAD ./USB_HOST/Target/usbh_conf.o
LOAD ./USB_HOST/Target/usbh_platform.o
LOAD C:\STM32Projects\POC_workspace\BatDetector2\libs\libarm_cortexM4lf_math.a
START GROUP
LOAD C:/ST/STM32CubeIDE_1.16.1/STM32CubeIDE/plugins/com.st.stm32cube.ide.mcu.externaltools.gnu-tools-for-stm32.12.3.rel1.win32_1.0.200.202406191623/tools/bin/../lib/gcc/arm-none-eabi/12.3.1/../../../../arm-none-eabi/lib/thumb/v7e-m+fp/hard\libc_nano.a
LOAD C:/ST/STM32CubeIDE_1.16.1/STM32CubeIDE/plugins/com.st.stm32cube.ide.mcu.externaltools.gnu-tools-for-stm32.12.3.rel1.win32_1.0.200.202406191623/tools/bin/../lib/gcc/arm-none-eabi/12.3.1/../../../../arm-none-eabi/lib/thumb/v7e-m+fp/hard\libm.a
END GROUP
START GROUP
LOAD C:/ST/STM32CubeIDE_1.16.1/STM32CubeIDE/plugins/com.st.stm32cube.ide.mcu.externaltools.gnu-tools-for-stm32.12.3.rel1.win32_1.0.200.202406191623/tools/bin/../lib/gcc/arm-none-eabi/12.3.1/thumb/v7e-m+fp/hard\libgcc.a
LOAD C:/ST/STM32CubeIDE_1.16.1/STM32CubeIDE/plugins/com.st.stm32cube.ide.mcu.externaltools.gnu-tools-for-stm32.12.3.rel1.win32_1.0.200.202406191623/tools/bin/../lib/gcc/arm-none-eabi/12.3.1/../../../../arm-none-eabi/lib/thumb/v7e-m+fp/hard\libc_nano.a
END GROUP
START GROUP
LOAD C:/ST/STM32CubeIDE_1.16.1/STM32CubeIDE/plugins/com.st.stm32cube.ide.mcu.externaltools.gnu-tools-for-stm32.12.3.rel1.win32_1.0.200.202406191623/tools/bin/../lib/gcc/arm-none-eabi/12.3.1/thumb/v7e-m+fp/hard\libgcc.a
LOAD C:/ST/STM32CubeIDE_1.16.1/STM32CubeIDE/plugins/com.st.stm32cube.ide.mcu.externaltools.gnu-tools-for-stm32.12.3.rel1.win32_1.0.200.202406191623/tools/bin/../lib/gcc/arm-none-eabi/12.3.1/../../../../arm-none-eabi/lib/thumb/v7e-m+fp/hard\libc_nano.a
LOAD C:/ST/STM32CubeIDE_1.16.1/STM32CubeIDE/plugins/com.st.stm32cube.ide.mcu.externaltools.gnu-tools-for-stm32.12.3.rel1.win32_1.0.200.202406191623/tools/bin/../lib/gcc/arm-none-eabi/12.3.1/../../../../arm-none-eabi/lib/thumb/v7e-m+fp/hard\libnosys.a
END GROUP
START GROUP
LOAD C:/ST/STM32CubeIDE_1.16.1/STM32CubeIDE/plugins/com.st.stm32cube.ide.mcu.externaltools.gnu-tools-for-stm32.12.3.rel1.win32_1.0.200.202406191623/tools/bin/../lib/gcc/arm-none-eabi/12.3.1/thumb/v7e-m+fp/hard\libgcc.a
LOAD C:/ST/STM32CubeIDE_1.16.1/STM32CubeIDE/plugins/com.st.stm32cube.ide.mcu.externaltools.gnu-tools-for-stm32.12.3.rel1.win32_1.0.200.202406191623/tools/bin/../lib/gcc/arm-none-eabi/12.3.1/../../../../arm-none-eabi/lib/thumb/v7e-m+fp/hard\libc_nano.a
LOAD C:/ST/STM32CubeIDE_1.16.1/STM32CubeIDE/plugins/com.st.stm32cube.ide.mcu.externaltools.gnu-tools-for-stm32.12.3.rel1.win32_1.0.200.202406191623/tools/bin/../lib/gcc/arm-none-eabi/12.3.1/../../../../arm-none-eabi/lib/thumb/v7e-m+fp/hard\libnosys.a
END GROUP
LOAD C:/ST/STM32CubeIDE_1.16.1/STM32CubeIDE/plugins/com.st.stm32cube.ide.mcu.externaltools.gnu-tools-for-stm32.12.3.rel1.win32_1.0.200.202406191623/tools/bin/../lib/gcc/arm-none-eabi/12.3.1/thumb/v7e-m+fp/hard/crtend.o
LOAD C:/ST/STM32CubeIDE_1.16.1/STM32CubeIDE/plugins/com.st.stm32cube.ide.mcu.externaltools.gnu-tools-for-stm32.12.3.rel1.win32_1.0.200.202406191623/tools/bin/../lib/gcc/arm-none-eabi/12.3.1/thumb/v7e-m+fp/hard/crtn.o
                0x20020000                        _estack = (ORIGIN (RAM) + LENGTH (RAM))
                0x00000200                        _Min_Heap_Size = 0x200
                0x00000400                        _Min_Stack_Size = 0x400

.isr_vector     0x08000000      0x198
                0x08000000                        . = ALIGN (0x4)
 *(.isr_vector)
 .isr_vector    0x08000000      0x198 ./Core/Startup/startup_stm32f411vetx.o
                0x08000000                g_pfnVectors
                0x08000198                        . = ALIGN (0x4)

.text           0x08000198     0xa6dc
                0x08000198                        . = ALIGN (0x4)
 *(.text)
 .text          0x08000198       0x40 C:/ST/STM32CubeIDE_1.16.1/STM32CubeIDE/plugins/com.st.stm32cube.ide.mcu.externaltools.gnu-tools-for-stm32.12.3.rel1.win32_1.0.200.202406191623/tools/bin/../lib/gcc/arm-none-eabi/12.3.1/thumb/v7e-m+fp/hard/crtbegin.o
 .text          0x080001d8       0x30 C:/ST/STM32CubeIDE_1.16.1/STM32CubeIDE/plugins/com.st.stm32cube.ide.mcu.externaltools.gnu-tools-for-stm32.12.3.rel1.win32_1.0.200.202406191623/tools/bin/../lib/gcc/arm-none-eabi/12.3.1/thumb/v7e-m+fp/hard\libgcc.a(_aeabi_uldivmod.o)
                0x080001d8                __aeabi_uldivmod
 .text          0x08000208      0x2bc C:/ST/STM32CubeIDE_1.16.1/STM32CubeIDE/plugins/com.st.stm32cube.ide.mcu.externaltools.gnu-tools-for-stm32.12.3.rel1.win32_1.0.200.202406191623/tools/bin/../lib/gcc/arm-none-eabi/12.3.1/thumb/v7e-m+fp/hard\libgcc.a(_udivmoddi4.o)
                0x08000208                __udivmoddi4
 .text          0x080004c4        0x4 C:/ST/STM32CubeIDE_1.16.1/STM32CubeIDE/plugins/com.st.stm32cube.ide.mcu.externaltools.gnu-tools-for-stm32.12.3.rel1.win32_1.0.200.202406191623/tools/bin/../lib/gcc/arm-none-eabi/12.3.1/thumb/v7e-m+fp/hard\libgcc.a(_dvmd_tls.o)
                0x080004c4                __aeabi_idiv0
                0x080004c4                __aeabi_ldiv0
 *(.text*)
 .text.MX_ADC1_Init
                0x080004c8       0xa4 ./Core/Src/adc.o
                0x080004c8                MX_ADC1_Init
 .text.HAL_ADC_MspInit
                0x0800056c       0x88 ./Core/Src/adc.o
                0x0800056c                HAL_ADC_MspInit
 .text.MX_GPIO_Init
                0x080005f4      0x198 ./Core/Src/gpio.o
                0x080005f4                MX_GPIO_Init
 .text.MX_I2C1_Init
                0x0800078c       0x5c ./Core/Src/i2c.o
                0x0800078c                MX_I2C1_Init
 .text.HAL_I2C_MspInit
                0x080007e8       0x90 ./Core/Src/i2c.o
                0x080007e8                HAL_I2C_MspInit
 .text.MX_I2S2_Init
                0x08000878       0x5c ./Core/Src/i2s.o
                0x08000878                MX_I2S2_Init
 .text.MX_I2S3_Init
                0x080008d4       0x60 ./Core/Src/i2s.o
                0x080008d4                MX_I2S3_Init
 .text.HAL_I2S_MspInit
                0x08000934      0x19c ./Core/Src/i2s.o
                0x08000934                HAL_I2S_MspInit
 .text.main     0x08000ad0       0xdc ./Core/Src/main.o
                0x08000ad0                main
 .text.SystemClock_Config
                0x08000bac       0xd0 ./Core/Src/main.o
                0x08000bac                SystemClock_Config
 .text.PeriphCommonClock_Config
                0x08000c7c       0x40 ./Core/Src/main.o
                0x08000c7c                PeriphCommonClock_Config
 .text.Error_Handler
                0x08000cbc        0xc ./Core/Src/main.o
                0x08000cbc                Error_Handler
 .text.assert_failed
                0x08000cc8       0x16 ./Core/Src/main.o
                0x08000cc8                assert_failed
 *fill*         0x08000cde        0x2 
 .text.MX_SPI1_Init
                0x08000ce0       0x6c ./Core/Src/spi.o
                0x08000ce0                MX_SPI1_Init
 .text.HAL_SPI_MspInit
                0x08000d4c       0x90 ./Core/Src/spi.o
                0x08000d4c                HAL_SPI_MspInit
 .text.HAL_MspInit
                0x08000ddc       0x50 ./Core/Src/stm32f4xx_hal_msp.o
                0x08000ddc                HAL_MspInit
 .text.NMI_Handler
                0x08000e2c        0x8 ./Core/Src/stm32f4xx_it.o
                0x08000e2c                NMI_Handler
 .text.HardFault_Handler
                0x08000e34        0x8 ./Core/Src/stm32f4xx_it.o
                0x08000e34                HardFault_Handler
 .text.MemManage_Handler
                0x08000e3c        0x8 ./Core/Src/stm32f4xx_it.o
                0x08000e3c                MemManage_Handler
 .text.BusFault_Handler
                0x08000e44        0x8 ./Core/Src/stm32f4xx_it.o
                0x08000e44                BusFault_Handler
 .text.UsageFault_Handler
                0x08000e4c        0x8 ./Core/Src/stm32f4xx_it.o
                0x08000e4c                UsageFault_Handler
 .text.SVC_Handler
                0x08000e54        0xe ./Core/Src/stm32f4xx_it.o
                0x08000e54                SVC_Handler
 .text.DebugMon_Handler
                0x08000e62        0xe ./Core/Src/stm32f4xx_it.o
                0x08000e62                DebugMon_Handler
 .text.PendSV_Handler
                0x08000e70        0xe ./Core/Src/stm32f4xx_it.o
                0x08000e70                PendSV_Handler
 .text.SysTick_Handler
                0x08000e7e        0xc ./Core/Src/stm32f4xx_it.o
                0x08000e7e                SysTick_Handler
 *fill*         0x08000e8a        0x2 
 .text.OTG_FS_IRQHandler
                0x08000e8c       0x14 ./Core/Src/stm32f4xx_it.o
                0x08000e8c                OTG_FS_IRQHandler
 .text._sbrk    0x08000ea0       0x6c ./Core/Src/sysmem.o
                0x08000ea0                _sbrk
 .text.SystemInit
                0x08000f0c       0x24 ./Core/Src/system_stm32f4xx.o
                0x08000f0c                SystemInit
 .text.Reset_Handler
                0x08000f30       0x50 ./Core/Startup/startup_stm32f411vetx.o
                0x08000f30                Reset_Handler
 .text.Default_Handler
                0x08000f80        0x2 ./Core/Startup/startup_stm32f411vetx.o
                0x08000f80                RTC_Alarm_IRQHandler
                0x08000f80                EXTI2_IRQHandler
                0x08000f80                SPI4_IRQHandler
                0x08000f80                TIM1_CC_IRQHandler
                0x08000f80                DMA2_Stream5_IRQHandler
                0x08000f80                DMA1_Stream5_IRQHandler
                0x08000f80                PVD_IRQHandler
                0x08000f80                SDIO_IRQHandler
                0x08000f80                TAMP_STAMP_IRQHandler
                0x08000f80                EXTI3_IRQHandler
                0x08000f80                TIM1_UP_TIM10_IRQHandler
                0x08000f80                I2C3_ER_IRQHandler
                0x08000f80                EXTI0_IRQHandler
                0x08000f80                I2C2_EV_IRQHandler
                0x08000f80                DMA1_Stream2_IRQHandler
                0x08000f80                FPU_IRQHandler
                0x08000f80                DMA2_Stream2_IRQHandler
                0x08000f80                SPI1_IRQHandler
                0x08000f80                TIM1_BRK_TIM9_IRQHandler
                0x08000f80                DMA2_Stream3_IRQHandler
                0x08000f80                USART6_IRQHandler
                0x08000f80                DMA2_Stream0_IRQHandler
                0x08000f80                TIM4_IRQHandler
                0x08000f80                I2C1_EV_IRQHandler
                0x08000f80                DMA1_Stream6_IRQHandler
                0x08000f80                DMA1_Stream1_IRQHandler
                0x08000f80                TIM3_IRQHandler
                0x08000f80                RCC_IRQHandler
                0x08000f80                Default_Handler
                0x08000f80                EXTI15_10_IRQHandler
                0x08000f80                ADC_IRQHandler
                0x08000f80                DMA1_Stream7_IRQHandler
                0x08000f80                SPI5_IRQHandler
                0x08000f80                TIM5_IRQHandler
                0x08000f80                DMA2_Stream7_IRQHandler
                0x08000f80                I2C3_EV_IRQHandler
                0x08000f80                EXTI9_5_IRQHandler
                0x08000f80                RTC_WKUP_IRQHandler
                0x08000f80                SPI2_IRQHandler
                0x08000f80                DMA1_Stream0_IRQHandler
                0x08000f80                EXTI4_IRQHandler
                0x08000f80                WWDG_IRQHandler
                0x08000f80                TIM2_IRQHandler
                0x08000f80                OTG_FS_WKUP_IRQHandler
                0x08000f80                TIM1_TRG_COM_TIM11_IRQHandler
                0x08000f80                EXTI1_IRQHandler
                0x08000f80                USART2_IRQHandler
                0x08000f80                I2C2_ER_IRQHandler
                0x08000f80                DMA2_Stream1_IRQHandler
                0x08000f80                FLASH_IRQHandler
                0x08000f80                DMA2_Stream4_IRQHandler
                0x08000f80                USART1_IRQHandler
                0x08000f80                SPI3_IRQHandler
                0x08000f80                DMA1_Stream4_IRQHandler
                0x08000f80                I2C1_ER_IRQHandler
                0x08000f80                DMA2_Stream6_IRQHandler
                0x08000f80                DMA1_Stream3_IRQHandler
 *fill*         0x08000f82        0x2 
 .text.HAL_Init
                0x08000f84       0x44 ./Drivers/STM32F4xx_HAL_Driver/Src/stm32f4xx_hal.o
                0x08000f84                HAL_Init
 .text.HAL_InitTick
                0x08000fc8       0x60 ./Drivers/STM32F4xx_HAL_Driver/Src/stm32f4xx_hal.o
                0x08000fc8                HAL_InitTick
 .text.HAL_IncTick
                0x08001028       0x28 ./Drivers/STM32F4xx_HAL_Driver/Src/stm32f4xx_hal.o
                0x08001028                HAL_IncTick
 .text.HAL_GetTick
                0x08001050       0x18 ./Drivers/STM32F4xx_HAL_Driver/Src/stm32f4xx_hal.o
                0x08001050                HAL_GetTick
 .text.HAL_Delay
                0x08001068       0x48 ./Drivers/STM32F4xx_HAL_Driver/Src/stm32f4xx_hal.o
                0x08001068                HAL_Delay
 .text.HAL_ADC_Init
                0x080010b0      0x2bc ./Drivers/STM32F4xx_HAL_Driver/Src/stm32f4xx_hal_adc.o
                0x080010b0                HAL_ADC_Init
 .text.HAL_ADC_Start
                0x0800136c      0x1b0 ./Drivers/STM32F4xx_HAL_Driver/Src/stm32f4xx_hal_adc.o
                0x0800136c                HAL_ADC_Start
 .text.HAL_ADC_PollForConversion
                0x0800151c      0x116 ./Drivers/STM32F4xx_HAL_Driver/Src/stm32f4xx_hal_adc.o
                0x0800151c                HAL_ADC_PollForConversion
 .text.HAL_ADC_GetValue
                0x08001632       0x1a ./Drivers/STM32F4xx_HAL_Driver/Src/stm32f4xx_hal_adc.o
                0x08001632                HAL_ADC_GetValue
 .text.HAL_ADC_ConfigChannel
                0x0800164c      0x2ec ./Drivers/STM32F4xx_HAL_Driver/Src/stm32f4xx_hal_adc.o
                0x0800164c                HAL_ADC_ConfigChannel
 .text.ADC_Init
                0x08001938      0x214 ./Drivers/STM32F4xx_HAL_Driver/Src/stm32f4xx_hal_adc.o
 .text.__NVIC_SetPriorityGrouping
                0x08001b4c       0x48 ./Drivers/STM32F4xx_HAL_Driver/Src/stm32f4xx_hal_cortex.o
 .text.__NVIC_GetPriorityGrouping
                0x08001b94       0x1c ./Drivers/STM32F4xx_HAL_Driver/Src/stm32f4xx_hal_cortex.o
 .text.__NVIC_EnableIRQ
                0x08001bb0       0x3c ./Drivers/STM32F4xx_HAL_Driver/Src/stm32f4xx_hal_cortex.o
 .text.__NVIC_SetPriority
                0x08001bec       0x54 ./Drivers/STM32F4xx_HAL_Driver/Src/stm32f4xx_hal_cortex.o
 .text.NVIC_EncodePriority
                0x08001c40       0x66 ./Drivers/STM32F4xx_HAL_Driver/Src/stm32f4xx_hal_cortex.o
 *fill*         0x08001ca6        0x2 
 .text.SysTick_Config
                0x08001ca8       0x44 ./Drivers/STM32F4xx_HAL_Driver/Src/stm32f4xx_hal_cortex.o
 .text.HAL_NVIC_SetPriorityGrouping
                0x08001cec       0x40 ./Drivers/STM32F4xx_HAL_Driver/Src/stm32f4xx_hal_cortex.o
                0x08001cec                HAL_NVIC_SetPriorityGrouping
 .text.HAL_NVIC_SetPriority
                0x08001d2c       0x58 ./Drivers/STM32F4xx_HAL_Driver/Src/stm32f4xx_hal_cortex.o
                0x08001d2c                HAL_NVIC_SetPriority
 .text.HAL_NVIC_EnableIRQ
                0x08001d84       0x30 ./Drivers/STM32F4xx_HAL_Driver/Src/stm32f4xx_hal_cortex.o
                0x08001d84                HAL_NVIC_EnableIRQ
 .text.HAL_SYSTICK_Config
                0x08001db4       0x18 ./Drivers/STM32F4xx_HAL_Driver/Src/stm32f4xx_hal_cortex.o
                0x08001db4                HAL_SYSTICK_Config
 .text.HAL_GPIO_Init
                0x08001dcc      0x530 ./Drivers/STM32F4xx_HAL_Driver/Src/stm32f4xx_hal_gpio.o
                0x08001dcc                HAL_GPIO_Init
 .text.HAL_GPIO_WritePin
                0x080022fc       0x58 ./Drivers/STM32F4xx_HAL_Driver/Src/stm32f4xx_hal_gpio.o
                0x080022fc                HAL_GPIO_WritePin
 .text.HAL_HCD_Init
                0x08002354       0xe4 ./Drivers/STM32F4xx_HAL_Driver/Src/stm32f4xx_hal_hcd.o
                0x08002354                HAL_HCD_Init
 .text.HAL_HCD_HC_Init
                0x08002438      0x170 ./Drivers/STM32F4xx_HAL_Driver/Src/stm32f4xx_hal_hcd.o
                0x08002438                HAL_HCD_HC_Init
 .text.HAL_HCD_HC_Halt
                0x080025a8       0x46 ./Drivers/STM32F4xx_HAL_Driver/Src/stm32f4xx_hal_hcd.o
                0x080025a8                HAL_HCD_HC_Halt
 *fill*         0x080025ee        0x2 
 .text.HAL_HCD_HC_SubmitRequest
                0x080025f0      0x33c ./Drivers/STM32F4xx_HAL_Driver/Src/stm32f4xx_hal_hcd.o
                0x080025f0                HAL_HCD_HC_SubmitRequest
 .text.HAL_HCD_IRQHandler
                0x0800292c      0x220 ./Drivers/STM32F4xx_HAL_Driver/Src/stm32f4xx_hal_hcd.o
                0x0800292c                HAL_HCD_IRQHandler
 .text.HAL_HCD_Start
                0x08002b4c       0x46 ./Drivers/STM32F4xx_HAL_Driver/Src/stm32f4xx_hal_hcd.o
                0x08002b4c                HAL_HCD_Start
 .text.HAL_HCD_Stop
                0x08002b92       0x3a ./Drivers/STM32F4xx_HAL_Driver/Src/stm32f4xx_hal_hcd.o
                0x08002b92                HAL_HCD_Stop
 .text.HAL_HCD_ResetPort
                0x08002bcc       0x1c ./Drivers/STM32F4xx_HAL_Driver/Src/stm32f4xx_hal_hcd.o
                0x08002bcc                HAL_HCD_ResetPort
 .text.HAL_HCD_HC_GetURBState
                0x08002be8       0x2a ./Drivers/STM32F4xx_HAL_Driver/Src/stm32f4xx_hal_hcd.o
                0x08002be8                HAL_HCD_HC_GetURBState
 .text.HAL_HCD_HC_GetXferCount
                0x08002c12       0x2a ./Drivers/STM32F4xx_HAL_Driver/Src/stm32f4xx_hal_hcd.o
                0x08002c12                HAL_HCD_HC_GetXferCount
 .text.HAL_HCD_GetCurrentFrame
                0x08002c3c       0x1c ./Drivers/STM32F4xx_HAL_Driver/Src/stm32f4xx_hal_hcd.o
                0x08002c3c                HAL_HCD_GetCurrentFrame
 .text.HAL_HCD_GetCurrentSpeed
                0x08002c58       0x1c ./Drivers/STM32F4xx_HAL_Driver/Src/stm32f4xx_hal_hcd.o
                0x08002c58                HAL_HCD_GetCurrentSpeed
 .text.HAL_HCD_HC_ClearHubInfo
                0x08002c74       0x6a ./Drivers/STM32F4xx_HAL_Driver/Src/stm32f4xx_hal_hcd.o
                0x08002c74                HAL_HCD_HC_ClearHubInfo
 .text.HCD_HC_IN_IRQHandler
                0x08002cde      0xcd2 ./Drivers/STM32F4xx_HAL_Driver/Src/stm32f4xx_hal_hcd.o
 .text.HCD_HC_OUT_IRQHandler
                0x080039b0      0x97e ./Drivers/STM32F4xx_HAL_Driver/Src/stm32f4xx_hal_hcd.o
 .text.HCD_RXQLVL_IRQHandler
                0x0800432e      0x1be ./Drivers/STM32F4xx_HAL_Driver/Src/stm32f4xx_hal_hcd.o
 .text.HCD_Port_IRQHandler
                0x080044ec       0xe6 ./Drivers/STM32F4xx_HAL_Driver/Src/stm32f4xx_hal_hcd.o
 *fill*         0x080045d2        0x2 
 .text.HAL_I2C_Init
                0x080045d4      0x390 ./Drivers/STM32F4xx_HAL_Driver/Src/stm32f4xx_hal_i2c.o
                0x080045d4                HAL_I2C_Init
 .text.HAL_I2S_Init
                0x08004964      0x3fc ./Drivers/STM32F4xx_HAL_Driver/Src/stm32f4xx_hal_i2s.o
                0x08004964                HAL_I2S_Init
 .text.HAL_I2S_TxCpltCallback
                0x08004d60       0x14 ./Drivers/STM32F4xx_HAL_Driver/Src/stm32f4xx_hal_i2s.o
                0x08004d60                HAL_I2S_TxCpltCallback
 .text.HAL_I2S_RxCpltCallback
                0x08004d74       0x14 ./Drivers/STM32F4xx_HAL_Driver/Src/stm32f4xx_hal_i2s.o
                0x08004d74                HAL_I2S_RxCpltCallback
 .text.HAL_I2S_ErrorCallback
                0x08004d88       0x14 ./Drivers/STM32F4xx_HAL_Driver/Src/stm32f4xx_hal_i2s.o
                0x08004d88                HAL_I2S_ErrorCallback
 .text.I2S_Transmit_IT
                0x08004d9c       0x5c ./Drivers/STM32F4xx_HAL_Driver/Src/stm32f4xx_hal_i2s.o
 .text.I2S_Receive_IT
                0x08004df8       0x5e ./Drivers/STM32F4xx_HAL_Driver/Src/stm32f4xx_hal_i2s.o
 .text.I2S_IRQHandler
                0x08004e56      0x114 ./Drivers/STM32F4xx_HAL_Driver/Src/stm32f4xx_hal_i2s.o
 *fill*         0x08004f6a        0x2 
 .text.HAL_I2SEx_FullDuplex_IRQHandler
                0x08004f6c      0x2a8 ./Drivers/STM32F4xx_HAL_Driver/Src/stm32f4xx_hal_i2s_ex.o
                0x08004f6c                HAL_I2SEx_FullDuplex_IRQHandler
 .text.HAL_I2SEx_TxRxCpltCallback
                0x08005214       0x14 ./Drivers/STM32F4xx_HAL_Driver/Src/stm32f4xx_hal_i2s_ex.o
                0x08005214                HAL_I2SEx_TxRxCpltCallback
 .text.I2SEx_TxISR_I2S
                0x08005228       0x62 ./Drivers/STM32F4xx_HAL_Driver/Src/stm32f4xx_hal_i2s_ex.o
 *fill*         0x0800528a        0x2 
 .text.I2SEx_TxISR_I2SExt
                0x0800528c       0x98 ./Drivers/STM32F4xx_HAL_Driver/Src/stm32f4xx_hal_i2s_ex.o
 .text.I2SEx_RxISR_I2S
                0x08005324       0x64 ./Drivers/STM32F4xx_HAL_Driver/Src/stm32f4xx_hal_i2s_ex.o
 .text.I2SEx_RxISR_I2SExt
                0x08005388       0x98 ./Drivers/STM32F4xx_HAL_Driver/Src/stm32f4xx_hal_i2s_ex.o
 .text.HAL_RCC_OscConfig
                0x08005420      0x658 ./Drivers/STM32F4xx_HAL_Driver/Src/stm32f4xx_hal_rcc.o
                0x08005420                HAL_RCC_OscConfig
 .text.HAL_RCC_ClockConfig
                0x08005a78      0x31c ./Drivers/STM32F4xx_HAL_Driver/Src/stm32f4xx_hal_rcc.o
                0x08005a78                HAL_RCC_ClockConfig
 .text.HAL_RCC_GetSysClockFreq
                0x08005d94      0x20c ./Drivers/STM32F4xx_HAL_Driver/Src/stm32f4xx_hal_rcc.o
                0x08005d94                HAL_RCC_GetSysClockFreq
 .text.HAL_RCC_GetHCLKFreq
                0x08005fa0       0x18 ./Drivers/STM32F4xx_HAL_Driver/Src/stm32f4xx_hal_rcc.o
                0x08005fa0                HAL_RCC_GetHCLKFreq
 .text.HAL_RCC_GetPCLK1Freq
                0x08005fb8       0x28 ./Drivers/STM32F4xx_HAL_Driver/Src/stm32f4xx_hal_rcc.o
                0x08005fb8                HAL_RCC_GetPCLK1Freq
 .text.HAL_RCCEx_PeriphCLKConfig
                0x08005fe0      0x42c ./Drivers/STM32F4xx_HAL_Driver/Src/stm32f4xx_hal_rcc_ex.o
                0x08005fe0                HAL_RCCEx_PeriphCLKConfig
 .text.HAL_RCCEx_GetPeriphCLKFreq
                0x0800640c       0xc4 ./Drivers/STM32F4xx_HAL_Driver/Src/stm32f4xx_hal_rcc_ex.o
                0x0800640c                HAL_RCCEx_GetPeriphCLKFreq
 .text.HAL_SPI_Init
                0x080064d0      0x338 ./Drivers/STM32F4xx_HAL_Driver/Src/stm32f4xx_hal_spi.o
                0x080064d0                HAL_SPI_Init
 .text.USB_CoreInit
                0x08006808       0xc8 ./Drivers/STM32F4xx_HAL_Driver/Src/stm32f4xx_ll_usb.o
                0x08006808                USB_CoreInit
 .text.USB_EnableGlobalInt
                0x080068d0       0x22 ./Drivers/STM32F4xx_HAL_Driver/Src/stm32f4xx_ll_usb.o
                0x080068d0                USB_EnableGlobalInt
 .text.USB_DisableGlobalInt
                0x080068f2       0x22 ./Drivers/STM32F4xx_HAL_Driver/Src/stm32f4xx_ll_usb.o
                0x080068f2                USB_DisableGlobalInt
 .text.USB_SetCurrentMode
                0x08006914       0x98 ./Drivers/STM32F4xx_HAL_Driver/Src/stm32f4xx_ll_usb.o
                0x08006914                USB_SetCurrentMode
 .text.USB_FlushTxFifo
                0x080069ac       0x64 ./Drivers/STM32F4xx_HAL_Driver/Src/stm32f4xx_ll_usb.o
                0x080069ac                USB_FlushTxFifo
 .text.USB_FlushRxFifo
                0x08006a10       0x5c ./Drivers/STM32F4xx_HAL_Driver/Src/stm32f4xx_ll_usb.o
                0x08006a10                USB_FlushRxFifo
 .text.USB_WritePacket
                0x08006a6c       0x7c ./Drivers/STM32F4xx_HAL_Driver/Src/stm32f4xx_ll_usb.o
                0x08006a6c                USB_WritePacket
 .text.USB_ReadPacket
                0x08006ae8       0xb0 ./Drivers/STM32F4xx_HAL_Driver/Src/stm32f4xx_ll_usb.o
                0x08006ae8                USB_ReadPacket
 .text.USB_ReadInterrupts
                0x08006b98       0x26 ./Drivers/STM32F4xx_HAL_Driver/Src/stm32f4xx_ll_usb.o
                0x08006b98                USB_ReadInterrupts
 .text.USB_ReadChInterrupts
                0x08006bbe       0x42 ./Drivers/STM32F4xx_HAL_Driver/Src/stm32f4xx_ll_usb.o
                0x08006bbe                USB_ReadChInterrupts
 .text.USB_GetMode
                0x08006c00       0x1c ./Drivers/STM32F4xx_HAL_Driver/Src/stm32f4xx_ll_usb.o
                0x08006c00                USB_GetMode
 .text.USB_CoreReset
                0x08006c1c       0x62 ./Drivers/STM32F4xx_HAL_Driver/Src/stm32f4xx_ll_usb.o
 *fill*         0x08006c7e        0x2 
 .text.USB_HostInit
                0x08006c80      0x15c ./Drivers/STM32F4xx_HAL_Driver/Src/stm32f4xx_ll_usb.o
                0x08006c80                USB_HostInit
 .text.USB_InitFSLSPClkSel
                0x08006ddc       0x7a ./Drivers/STM32F4xx_HAL_Driver/Src/stm32f4xx_ll_usb.o
                0x08006ddc                USB_InitFSLSPClkSel
 .text.USB_ResetPort
                0x08006e56       0x54 ./Drivers/STM32F4xx_HAL_Driver/Src/stm32f4xx_ll_usb.o
                0x08006e56                USB_ResetPort
 .text.USB_DriveVbus
                0x08006eaa       0x72 ./Drivers/STM32F4xx_HAL_Driver/Src/stm32f4xx_ll_usb.o
                0x08006eaa                USB_DriveVbus
 .text.USB_GetHostSpeed
                0x08006f1c       0x2e ./Drivers/STM32F4xx_HAL_Driver/Src/stm32f4xx_ll_usb.o
                0x08006f1c                USB_GetHostSpeed
 .text.USB_GetCurrentFrame
                0x08006f4a       0x22 ./Drivers/STM32F4xx_HAL_Driver/Src/stm32f4xx_ll_usb.o
                0x08006f4a                USB_GetCurrentFrame
 .text.USB_HC_Init
                0x08006f6c      0x22c ./Drivers/STM32F4xx_HAL_Driver/Src/stm32f4xx_ll_usb.o
                0x08006f6c                USB_HC_Init
 .text.USB_HC_StartXfer
                0x08007198      0x488 ./Drivers/STM32F4xx_HAL_Driver/Src/stm32f4xx_ll_usb.o
                0x08007198                USB_HC_StartXfer
 .text.USB_HC_ReadInterrupt
                0x08007620       0x22 ./Drivers/STM32F4xx_HAL_Driver/Src/stm32f4xx_ll_usb.o
                0x08007620                USB_HC_ReadInterrupt
 .text.USB_HC_Halt
                0x08007642      0x240 ./Drivers/STM32F4xx_HAL_Driver/Src/stm32f4xx_ll_usb.o
                0x08007642                USB_HC_Halt
 .text.USB_StopHost
                0x08007882      0x124 ./Drivers/STM32F4xx_HAL_Driver/Src/stm32f4xx_ll_usb.o
                0x08007882                USB_StopHost
 .text.USBH_CDC_InterfaceInit
                0x080079a6      0x2ac ./Middlewares/ST/STM32_USB_Host_Library/Class/CDC/Src/usbh_cdc.o
 .text.USBH_CDC_InterfaceDeInit
                0x08007c52       0xb2 ./Middlewares/ST/STM32_USB_Host_Library/Class/CDC/Src/usbh_cdc.o
 .text.USBH_CDC_ClassRequest
                0x08007d04       0x3e ./Middlewares/ST/STM32_USB_Host_Library/Class/CDC/Src/usbh_cdc.o
 *fill*         0x08007d42        0x2 
 .text.USBH_CDC_Process
                0x08007d44      0x12c ./Middlewares/ST/STM32_USB_Host_Library/Class/CDC/Src/usbh_cdc.o
 .text.USBH_CDC_SOFProcess
                0x08007e70       0x16 ./Middlewares/ST/STM32_USB_Host_Library/Class/CDC/Src/usbh_cdc.o
 .text.GetLineCoding
                0x08007e86       0x3e ./Middlewares/ST/STM32_USB_Host_Library/Class/CDC/Src/usbh_cdc.o
 .text.SetLineCoding
                0x08007ec4       0x3e ./Middlewares/ST/STM32_USB_Host_Library/Class/CDC/Src/usbh_cdc.o
 .text.CDC_ProcessTransmission
                0x08007f02       0xec ./Middlewares/ST/STM32_USB_Host_Library/Class/CDC/Src/usbh_cdc.o
 .text.CDC_ProcessReception
                0x08007fee       0xb6 ./Middlewares/ST/STM32_USB_Host_Library/Class/CDC/Src/usbh_cdc.o
 .text.USBH_CDC_TransmitCallback
                0x080080a4       0x14 ./Middlewares/ST/STM32_USB_Host_Library/Class/CDC/Src/usbh_cdc.o
                0x080080a4                USBH_CDC_TransmitCallback
 .text.USBH_CDC_ReceiveCallback
                0x080080b8       0x14 ./Middlewares/ST/STM32_USB_Host_Library/Class/CDC/Src/usbh_cdc.o
                0x080080b8                USBH_CDC_ReceiveCallback
 .text.USBH_CDC_LineCodingChanged
                0x080080cc       0x14 ./Middlewares/ST/STM32_USB_Host_Library/Class/CDC/Src/usbh_cdc.o
                0x080080cc                USBH_CDC_LineCodingChanged
 .text.USBH_Init
                0x080080e0       0x74 ./Middlewares/ST/STM32_USB_Host_Library/Core/Src/usbh_core.o
                0x080080e0                USBH_Init
 .text.DeInitStateMachine
                0x08008154       0xe6 ./Middlewares/ST/STM32_USB_Host_Library/Core/Src/usbh_core.o
 .text.USBH_RegisterClass
                0x0800823a       0x54 ./Middlewares/ST/STM32_USB_Host_Library/Core/Src/usbh_core.o
                0x0800823a                USBH_RegisterClass
 .text.USBH_SelectInterface
                0x0800828e       0x38 ./Middlewares/ST/STM32_USB_Host_Library/Core/Src/usbh_core.o
                0x0800828e                USBH_SelectInterface
 .text.USBH_FindInterface
                0x080082c6       0x8c ./Middlewares/ST/STM32_USB_Host_Library/Core/Src/usbh_core.o
                0x080082c6                USBH_FindInterface
 .text.USBH_Start
                0x08008352       0x20 ./Middlewares/ST/STM32_USB_Host_Library/Core/Src/usbh_core.o
                0x08008352                USBH_Start
 *fill*         0x08008372        0x2 
 .text.USBH_Process
                0x08008374      0x3d0 ./Middlewares/ST/STM32_USB_Host_Library/Core/Src/usbh_core.o
                0x08008374                USBH_Process
 .text.USBH_HandleEnum
                0x08008744      0x3c0 ./Middlewares/ST/STM32_USB_Host_Library/Core/Src/usbh_core.o
 .text.USBH_LL_SetTimer
                0x08008b04       0x1e ./Middlewares/ST/STM32_USB_Host_Library/Core/Src/usbh_core.o
                0x08008b04                USBH_LL_SetTimer
 .text.USBH_LL_IncTimer
                0x08008b22       0x24 ./Middlewares/ST/STM32_USB_Host_Library/Core/Src/usbh_core.o
                0x08008b22                USBH_LL_IncTimer
 .text.USBH_HandleSof
                0x08008b46       0x30 ./Middlewares/ST/STM32_USB_Host_Library/Core/Src/usbh_core.o
 .text.USBH_LL_PortEnabled
                0x08008b76       0x1c ./Middlewares/ST/STM32_USB_Host_Library/Core/Src/usbh_core.o
                0x08008b76                USBH_LL_PortEnabled
 .text.USBH_LL_PortDisabled
                0x08008b92       0x1c ./Middlewares/ST/STM32_USB_Host_Library/Core/Src/usbh_core.o
                0x08008b92                USBH_LL_PortDisabled
 .text.USBH_LL_Connect
                0x08008bae       0x2e ./Middlewares/ST/STM32_USB_Host_Library/Core/Src/usbh_core.o
                0x08008bae                USBH_LL_Connect
 .text.USBH_LL_Disconnect
                0x08008bdc       0x48 ./Middlewares/ST/STM32_USB_Host_Library/Core/Src/usbh_core.o
                0x08008bdc                USBH_LL_Disconnect
 .text.USBH_Get_DevDesc
                0x08008c24       0x58 ./Middlewares/ST/STM32_USB_Host_Library/Core/Src/usbh_ctlreq.o
                0x08008c24                USBH_Get_DevDesc
 .text.USBH_Get_CfgDesc
                0x08008c7c       0x54 ./Middlewares/ST/STM32_USB_Host_Library/Core/Src/usbh_ctlreq.o
                0x08008c7c                USBH_Get_CfgDesc
 .text.USBH_Get_StringDesc
                0x08008cd0       0x68 ./Middlewares/ST/STM32_USB_Host_Library/Core/Src/usbh_ctlreq.o
                0x08008cd0                USBH_Get_StringDesc
 .text.USBH_GetDescriptor
                0x08008d38       0x6a ./Middlewares/ST/STM32_USB_Host_Library/Core/Src/usbh_ctlreq.o
                0x08008d38                USBH_GetDescriptor
 .text.USBH_SetAddress
                0x08008da2       0x48 ./Middlewares/ST/STM32_USB_Host_Library/Core/Src/usbh_ctlreq.o
                0x08008da2                USBH_SetAddress
 .text.USBH_SetCfg
                0x08008dea       0x46 ./Middlewares/ST/STM32_USB_Host_Library/Core/Src/usbh_ctlreq.o
                0x08008dea                USBH_SetCfg
 .text.USBH_SetFeature
                0x08008e30       0x48 ./Middlewares/ST/STM32_USB_Host_Library/Core/Src/usbh_ctlreq.o
                0x08008e30                USBH_SetFeature
 .text.USBH_ClrFeature
                0x08008e78       0x48 ./Middlewares/ST/STM32_USB_Host_Library/Core/Src/usbh_ctlreq.o
                0x08008e78                USBH_ClrFeature
 .text.USBH_ParseDevDesc
                0x08008ec0      0x160 ./Middlewares/ST/STM32_USB_Host_Library/Core/Src/usbh_ctlreq.o
 .text.USBH_ParseCfgDesc
                0x08009020      0x1f0 ./Middlewares/ST/STM32_USB_Host_Library/Core/Src/usbh_ctlreq.o
 .text.USBH_ParseInterfaceDesc
                0x08009210       0x68 ./Middlewares/ST/STM32_USB_Host_Library/Core/Src/usbh_ctlreq.o
 .text.USBH_ParseEPDesc
                0x08009278      0x1d0 ./Middlewares/ST/STM32_USB_Host_Library/Core/Src/usbh_ctlreq.o
 .text.USBH_ParseStringDesc
                0x08009448       0x66 ./Middlewares/ST/STM32_USB_Host_Library/Core/Src/usbh_ctlreq.o
 .text.USBH_GetNextDesc
                0x080094ae       0x34 ./Middlewares/ST/STM32_USB_Host_Library/Core/Src/usbh_ctlreq.o
                0x080094ae                USBH_GetNextDesc
 .text.USBH_CtlReq
                0x080094e2       0x7a ./Middlewares/ST/STM32_USB_Host_Library/Core/Src/usbh_ctlreq.o
                0x080094e2                USBH_CtlReq
 .text.USBH_HandleControl
                0x0800955c      0x2e8 ./Middlewares/ST/STM32_USB_Host_Library/Core/Src/usbh_ctlreq.o
 .text.USBH_CtlSendSetup
                0x08009844       0x34 ./Middlewares/ST/STM32_USB_Host_Library/Core/Src/usbh_ioreq.o
                0x08009844                USBH_CtlSendSetup
 .text.USBH_CtlSendData
                0x08009878       0x4a ./Middlewares/ST/STM32_USB_Host_Library/Core/Src/usbh_ioreq.o
                0x08009878                USBH_CtlSendData
 .text.USBH_CtlReceiveData
                0x080098c2       0x3c ./Middlewares/ST/STM32_USB_Host_Library/Core/Src/usbh_ioreq.o
                0x080098c2                USBH_CtlReceiveData
 .text.USBH_BulkSendData
                0x080098fe       0x4a ./Middlewares/ST/STM32_USB_Host_Library/Core/Src/usbh_ioreq.o
                0x080098fe                USBH_BulkSendData
 .text.USBH_BulkReceiveData
                0x08009948       0x3c ./Middlewares/ST/STM32_USB_Host_Library/Core/Src/usbh_ioreq.o
                0x08009948                USBH_BulkReceiveData
 .text.USBH_OpenPipe
                0x08009984       0x3e ./Middlewares/ST/STM32_USB_Host_Library/Core/Src/usbh_pipes.o
                0x08009984                USBH_OpenPipe
 .text.USBH_ClosePipe
                0x080099c2       0x20 ./Middlewares/ST/STM32_USB_Host_Library/Core/Src/usbh_pipes.o
                0x080099c2                USBH_ClosePipe
 .text.USBH_AllocPipe
                0x080099e2       0x42 ./Middlewares/ST/STM32_USB_Host_Library/Core/Src/usbh_pipes.o
                0x080099e2                USBH_AllocPipe
 .text.USBH_FreePipe
                0x08009a24       0x3c ./Middlewares/ST/STM32_USB_Host_Library/Core/Src/usbh_pipes.o
                0x08009a24                USBH_FreePipe
 .text.USBH_GetFreePipe
                0x08009a60       0x48 ./Middlewares/ST/STM32_USB_Host_Library/Core/Src/usbh_pipes.o
 .text.MX_USB_HOST_Init
                0x08009aa8       0x4c ./USB_HOST/App/usb_host.o
                0x08009aa8                MX_USB_HOST_Init
 .text.MX_USB_HOST_Process
                0x08009af4       0x14 ./USB_HOST/App/usb_host.o
                0x08009af4                MX_USB_HOST_Process
 .text.USBH_UserProcess
                0x08009b08       0x5c ./USB_HOST/App/usb_host.o
 .text.HAL_HCD_MspInit
                0x08009b64       0xc4 ./USB_HOST/Target/usbh_conf.o
                0x08009b64                HAL_HCD_MspInit
 .text.HAL_HCD_SOF_Callback
                0x08009c28       0x1c ./USB_HOST/Target/usbh_conf.o
                0x08009c28                HAL_HCD_SOF_Callback
 .text.HAL_HCD_Connect_Callback
                0x08009c44       0x1c ./USB_HOST/Target/usbh_conf.o
                0x08009c44                HAL_HCD_Connect_Callback
 .text.HAL_HCD_Disconnect_Callback
                0x08009c60       0x1c ./USB_HOST/Target/usbh_conf.o
                0x08009c60                HAL_HCD_Disconnect_Callback
 .text.HAL_HCD_HC_NotifyURBChange_Callback
                0x08009c7c       0x1c ./USB_HOST/Target/usbh_conf.o
                0x08009c7c                HAL_HCD_HC_NotifyURBChange_Callback
 .text.HAL_HCD_PortEnabled_Callback
                0x08009c98       0x1c ./USB_HOST/Target/usbh_conf.o
                0x08009c98                HAL_HCD_PortEnabled_Callback
 .text.HAL_HCD_PortDisabled_Callback
                0x08009cb4       0x1c ./USB_HOST/Target/usbh_conf.o
                0x08009cb4                HAL_HCD_PortDisabled_Callback
 .text.USBH_LL_Init
                0x08009cd0       0x78 ./USB_HOST/Target/usbh_conf.o
                0x08009cd0                USBH_LL_Init
 .text.USBH_LL_Start
                0x08009d48       0x36 ./USB_HOST/Target/usbh_conf.o
                0x08009d48                USBH_LL_Start
 .text.USBH_LL_Stop
                0x08009d7e       0x36 ./USB_HOST/Target/usbh_conf.o
                0x08009d7e                USBH_LL_Stop
 .text.USBH_LL_GetSpeed
                0x08009db4       0x4e ./USB_HOST/Target/usbh_conf.o
                0x08009db4                USBH_LL_GetSpeed
 .text.USBH_LL_ResetPort
                0x08009e02       0x36 ./USB_HOST/Target/usbh_conf.o
                0x08009e02                USBH_LL_ResetPort
 .text.USBH_LL_GetLastXferSize
                0x08009e38       0x26 ./USB_HOST/Target/usbh_conf.o
                0x08009e38                USBH_LL_GetLastXferSize
 .text.USBH_LL_OpenPipe
                0x08009e5e       0x5e ./USB_HOST/Target/usbh_conf.o
                0x08009e5e                USBH_LL_OpenPipe
 .text.USBH_LL_ClosePipe
                0x08009ebc       0x3e ./USB_HOST/Target/usbh_conf.o
                0x08009ebc                USBH_LL_ClosePipe
 .text.USBH_LL_SubmitURB
                0x08009efa       0x62 ./USB_HOST/Target/usbh_conf.o
                0x08009efa                USBH_LL_SubmitURB
 .text.USBH_LL_GetURBState
                0x08009f5c       0x26 ./USB_HOST/Target/usbh_conf.o
                0x08009f5c                USBH_LL_GetURBState
 .text.USBH_LL_DriverVBUS
                0x08009f82       0x2e ./USB_HOST/Target/usbh_conf.o
                0x08009f82                USBH_LL_DriverVBUS
 .text.USBH_LL_SetToggle
                0x08009fb0       0x66 ./USB_HOST/Target/usbh_conf.o
                0x08009fb0                USBH_LL_SetToggle
 .text.USBH_Delay
                0x0800a016       0x16 ./USB_HOST/Target/usbh_conf.o
                0x0800a016                USBH_Delay
 .text.USBH_Get_USB_Status
                0x0800a02c       0x58 ./USB_HOST/Target/usbh_conf.o
                0x0800a02c                USBH_Get_USB_Status
 .text.MX_DriverVbusFS
                0x0800a084       0x38 ./USB_HOST/Target/usbh_platform.o
                0x0800a084                MX_DriverVbusFS
 .text.arm_fir_init_f32
                0x0800a0bc       0x24 C:\STM32Projects\POC_workspace\BatDetector2\libs\libarm_cortexM4lf_math.a(arm_fir_init_f32.o)
                0x0800a0bc                arm_fir_init_f32
 .text.arm_fir_f32
                0x0800a0e0      0x4c8 C:\STM32Projects\POC_workspace\BatDetector2\libs\libarm_cortexM4lf_math.a(arm_fir_f32.o)
                0x0800a0e0                arm_fir_f32
 .text.malloc   0x0800a5a8       0x10 C:/ST/STM32CubeIDE_1.16.1/STM32CubeIDE/plugins/com.st.stm32cube.ide.mcu.externaltools.gnu-tools-for-stm32.12.3.rel1.win32_1.0.200.202406191623/tools/bin/../lib/gcc/arm-none-eabi/12.3.1/../../../../arm-none-eabi/lib/thumb/v7e-m+fp/hard\libc_nano.a(libc_a-malloc.o)
                0x0800a5a8                malloc
 .text.free     0x0800a5b8       0x10 C:/ST/STM32CubeIDE_1.16.1/STM32CubeIDE/plugins/com.st.stm32cube.ide.mcu.externaltools.gnu-tools-for-stm32.12.3.rel1.win32_1.0.200.202406191623/tools/bin/../lib/gcc/arm-none-eabi/12.3.1/../../../../arm-none-eabi/lib/thumb/v7e-m+fp/hard\libc_nano.a(libc_a-malloc.o)
                0x0800a5b8                free
 .text.sbrk_aligned
                0x0800a5c8       0x44 C:/ST/STM32CubeIDE_1.16.1/STM32CubeIDE/plugins/com.st.stm32cube.ide.mcu.externaltools.gnu-tools-for-stm32.12.3.rel1.win32_1.0.200.202406191623/tools/bin/../lib/gcc/arm-none-eabi/12.3.1/../../../../arm-none-eabi/lib/thumb/v7e-m+fp/hard\libc_nano.a(libc_a-mallocr.o)
 .text._malloc_r
                0x0800a60c      0x100 C:/ST/STM32CubeIDE_1.16.1/STM32CubeIDE/plugins/com.st.stm32cube.ide.mcu.externaltools.gnu-tools-for-stm32.12.3.rel1.win32_1.0.200.202406191623/tools/bin/../lib/gcc/arm-none-eabi/12.3.1/../../../../arm-none-eabi/lib/thumb/v7e-m+fp/hard\libc_nano.a(libc_a-mallocr.o)
                0x0800a60c                _malloc_r
 .text.__malloc_lock
                0x0800a70c        0xc C:/ST/STM32CubeIDE_1.16.1/STM32CubeIDE/plugins/com.st.stm32cube.ide.mcu.externaltools.gnu-tools-for-stm32.12.3.rel1.win32_1.0.200.202406191623/tools/bin/../lib/gcc/arm-none-eabi/12.3.1/../../../../arm-none-eabi/lib/thumb/v7e-m+fp/hard\libc_nano.a(libc_a-mlock.o)
                0x0800a70c                __malloc_lock
 .text.__malloc_unlock
                0x0800a718        0xc C:/ST/STM32CubeIDE_1.16.1/STM32CubeIDE/plugins/com.st.stm32cube.ide.mcu.externaltools.gnu-tools-for-stm32.12.3.rel1.win32_1.0.200.202406191623/tools/bin/../lib/gcc/arm-none-eabi/12.3.1/../../../../arm-none-eabi/lib/thumb/v7e-m+fp/hard\libc_nano.a(libc_a-mlock.o)
                0x0800a718                __malloc_unlock
 .text.memset   0x0800a724       0x10 C:/ST/STM32CubeIDE_1.16.1/STM32CubeIDE/plugins/com.st.stm32cube.ide.mcu.externaltools.gnu-tools-for-stm32.12.3.rel1.win32_1.0.200.202406191623/tools/bin/../lib/gcc/arm-none-eabi/12.3.1/../../../../arm-none-eabi/lib/thumb/v7e-m+fp/hard\libc_nano.a(libc_a-memset.o)
                0x0800a724                memset
 .text._sbrk_r  0x0800a734       0x20 C:/ST/STM32CubeIDE_1.16.1/STM32CubeIDE/plugins/com.st.stm32cube.ide.mcu.externaltools.gnu-tools-for-stm32.12.3.rel1.win32_1.0.200.202406191623/tools/bin/../lib/gcc/arm-none-eabi/12.3.1/../../../../arm-none-eabi/lib/thumb/v7e-m+fp/hard\libc_nano.a(libc_a-sbrkr.o)
                0x0800a734                _sbrk_r
 .text.__errno  0x0800a754        0xc C:/ST/STM32CubeIDE_1.16.1/STM32CubeIDE/plugins/com.st.stm32cube.ide.mcu.externaltools.gnu-tools-for-stm32.12.3.rel1.win32_1.0.200.202406191623/tools/bin/../lib/gcc/arm-none-eabi/12.3.1/../../../../arm-none-eabi/lib/thumb/v7e-m+fp/hard\libc_nano.a(libc_a-errno.o)
                0x0800a754                __errno
 .text.__libc_init_array
                0x0800a760       0x48 C:/ST/STM32CubeIDE_1.16.1/STM32CubeIDE/plugins/com.st.stm32cube.ide.mcu.externaltools.gnu-tools-for-stm32.12.3.rel1.win32_1.0.200.202406191623/tools/bin/../lib/gcc/arm-none-eabi/12.3.1/../../../../arm-none-eabi/lib/thumb/v7e-m+fp/hard\libc_nano.a(libc_a-init.o)
                0x0800a760                __libc_init_array
 .text.__retarget_lock_acquire_recursive
                0x0800a7a8        0x2 C:/ST/STM32CubeIDE_1.16.1/STM32CubeIDE/plugins/com.st.stm32cube.ide.mcu.externaltools.gnu-tools-for-stm32.12.3.rel1.win32_1.0.200.202406191623/tools/bin/../lib/gcc/arm-none-eabi/12.3.1/../../../../arm-none-eabi/lib/thumb/v7e-m+fp/hard\libc_nano.a(libc_a-lock.o)
                0x0800a7a8                __retarget_lock_acquire_recursive
 .text.__retarget_lock_release_recursive
                0x0800a7aa        0x2 C:/ST/STM32CubeIDE_1.16.1/STM32CubeIDE/plugins/com.st.stm32cube.ide.mcu.externaltools.gnu-tools-for-stm32.12.3.rel1.win32_1.0.200.202406191623/tools/bin/../lib/gcc/arm-none-eabi/12.3.1/../../../../arm-none-eabi/lib/thumb/v7e-m+fp/hard\libc_nano.a(libc_a-lock.o)
                0x0800a7aa                __retarget_lock_release_recursive
 .text.memcpy   0x0800a7ac       0x1c C:/ST/STM32CubeIDE_1.16.1/STM32CubeIDE/plugins/com.st.stm32cube.ide.mcu.externaltools.gnu-tools-for-stm32.12.3.rel1.win32_1.0.200.202406191623/tools/bin/../lib/gcc/arm-none-eabi/12.3.1/../../../../arm-none-eabi/lib/thumb/v7e-m+fp/hard\libc_nano.a(libc_a-memcpy-stub.o)
                0x0800a7ac                memcpy
 .text._free_r  0x0800a7c8       0x94 C:/ST/STM32CubeIDE_1.16.1/STM32CubeIDE/plugins/com.st.stm32cube.ide.mcu.externaltools.gnu-tools-for-stm32.12.3.rel1.win32_1.0.200.202406191623/tools/bin/../lib/gcc/arm-none-eabi/12.3.1/../../../../arm-none-eabi/lib/thumb/v7e-m+fp/hard\libc_nano.a(libc_a-freer.o)
                0x0800a7c8                _free_r
 *(.glue_7)
 .glue_7        0x0800a85c        0x0 linker stubs
 *(.glue_7t)
 .glue_7t       0x0800a85c        0x0 linker stubs
 *(.eh_frame)
 .eh_frame      0x0800a85c        0x0 C:/ST/STM32CubeIDE_1.16.1/STM32CubeIDE/plugins/com.st.stm32cube.ide.mcu.externaltools.gnu-tools-for-stm32.12.3.rel1.win32_1.0.200.202406191623/tools/bin/../lib/gcc/arm-none-eabi/12.3.1/thumb/v7e-m+fp/hard/crtbegin.o
 *(.init)
 .init          0x0800a85c        0x4 C:/ST/STM32CubeIDE_1.16.1/STM32CubeIDE/plugins/com.st.stm32cube.ide.mcu.externaltools.gnu-tools-for-stm32.12.3.rel1.win32_1.0.200.202406191623/tools/bin/../lib/gcc/arm-none-eabi/12.3.1/thumb/v7e-m+fp/hard/crti.o
                0x0800a85c                _init
 .init          0x0800a860        0x8 C:/ST/STM32CubeIDE_1.16.1/STM32CubeIDE/plugins/com.st.stm32cube.ide.mcu.externaltools.gnu-tools-for-stm32.12.3.rel1.win32_1.0.200.202406191623/tools/bin/../lib/gcc/arm-none-eabi/12.3.1/thumb/v7e-m+fp/hard/crtn.o
 *(.fini)
 .fini          0x0800a868        0x4 C:/ST/STM32CubeIDE_1.16.1/STM32CubeIDE/plugins/com.st.stm32cube.ide.mcu.externaltools.gnu-tools-for-stm32.12.3.rel1.win32_1.0.200.202406191623/tools/bin/../lib/gcc/arm-none-eabi/12.3.1/thumb/v7e-m+fp/hard/crti.o
                0x0800a868                _fini
 .fini          0x0800a86c        0x8 C:/ST/STM32CubeIDE_1.16.1/STM32CubeIDE/plugins/com.st.stm32cube.ide.mcu.externaltools.gnu-tools-for-stm32.12.3.rel1.win32_1.0.200.202406191623/tools/bin/../lib/gcc/arm-none-eabi/12.3.1/thumb/v7e-m+fp/hard/crtn.o
                0x0800a874                        . = ALIGN (0x4)
                0x0800a874                        _etext = .

.vfp11_veneer   0x0800a874        0x0
 .vfp11_veneer  0x0800a874        0x0 linker stubs

.v4_bx          0x0800a874        0x0
 .v4_bx         0x0800a874        0x0 linker stubs

.iplt           0x0800a874        0x0
 .iplt          0x0800a874        0x0 C:/ST/STM32CubeIDE_1.16.1/STM32CubeIDE/plugins/com.st.stm32cube.ide.mcu.externaltools.gnu-tools-for-stm32.12.3.rel1.win32_1.0.200.202406191623/tools/bin/../lib/gcc/arm-none-eabi/12.3.1/thumb/v7e-m+fp/hard/crtbegin.o

.rodata         0x0800a874      0x2a4
                0x0800a874                        . = ALIGN (0x4)
 *(.rodata)
 .rodata        0x0800a874       0x84 ./Core/Src/main.o
 .rodata        0x0800a8f8       0x38 ./Drivers/STM32F4xx_HAL_Driver/Src/stm32f4xx_hal_adc.o
 .rodata        0x0800a930       0x3b ./Drivers/STM32F4xx_HAL_Driver/Src/stm32f4xx_hal_cortex.o
 *fill*         0x0800a96b        0x1 
 .rodata        0x0800a96c       0x39 ./Drivers/STM32F4xx_HAL_Driver/Src/stm32f4xx_hal_gpio.o
 *fill*         0x0800a9a5        0x3 
 .rodata        0x0800a9a8       0x38 ./Drivers/STM32F4xx_HAL_Driver/Src/stm32f4xx_hal_hcd.o
 .rodata        0x0800a9e0       0x38 ./Drivers/STM32F4xx_HAL_Driver/Src/stm32f4xx_hal_i2c.o
 .rodata        0x0800aa18       0x38 ./Drivers/STM32F4xx_HAL_Driver/Src/stm32f4xx_hal_i2s.o
 .rodata        0x0800aa50       0x38 ./Drivers/STM32F4xx_HAL_Driver/Src/stm32f4xx_hal_rcc.o
 .rodata        0x0800aa88       0x3b ./Drivers/STM32F4xx_HAL_Driver/Src/stm32f4xx_hal_rcc_ex.o
 *fill*         0x0800aac3        0x1 
 .rodata        0x0800aac4       0x38 ./Drivers/STM32F4xx_HAL_Driver/Src/stm32f4xx_hal_spi.o
 .rodata        0x0800aafc        0x4 ./Middlewares/ST/STM32_USB_Host_Library/Class/CDC/Src/usbh_cdc.o
 *(.rodata*)
 .rodata.AHBPrescTable
                0x0800ab00       0x10 ./Core/Src/system_stm32f4xx.o
                0x0800ab00                AHBPrescTable
 .rodata.APBPrescTable
                0x0800ab10        0x8 ./Core/Src/system_stm32f4xx.o
                0x0800ab10                APBPrescTable
                0x0800ab18                        . = ALIGN (0x4)

.ARM.extab      0x0800ab18        0x0
                0x0800ab18                        . = ALIGN (0x4)
 *(.ARM.extab* .gnu.linkonce.armextab.*)
                0x0800ab18                        . = ALIGN (0x4)

.ARM            0x0800ab18        0x8
                0x0800ab18                        . = ALIGN (0x4)
                0x0800ab18                        __exidx_start = .
 *(.ARM.exidx*)
 .ARM.exidx     0x0800ab18        0x8 C:/ST/STM32CubeIDE_1.16.1/STM32CubeIDE/plugins/com.st.stm32cube.ide.mcu.externaltools.gnu-tools-for-stm32.12.3.rel1.win32_1.0.200.202406191623/tools/bin/../lib/gcc/arm-none-eabi/12.3.1/thumb/v7e-m+fp/hard\libgcc.a(_udivmoddi4.o)
                0x0800ab20                        __exidx_end = .
                0x0800ab20                        . = ALIGN (0x4)

.preinit_array  0x0800ab20        0x0
                0x0800ab20                        . = ALIGN (0x4)
                0x0800ab20                        PROVIDE (__preinit_array_start = .)
 *(.preinit_array*)
                0x0800ab20                        PROVIDE (__preinit_array_end = .)
                0x0800ab20                        . = ALIGN (0x4)

.init_array     0x0800ab20        0x4
                0x0800ab20                        . = ALIGN (0x4)
                0x0800ab20                        PROVIDE (__init_array_start = .)
 *(SORT_BY_NAME(.init_array.*))
 *(.init_array*)
 .init_array    0x0800ab20        0x4 C:/ST/STM32CubeIDE_1.16.1/STM32CubeIDE/plugins/com.st.stm32cube.ide.mcu.externaltools.gnu-tools-for-stm32.12.3.rel1.win32_1.0.200.202406191623/tools/bin/../lib/gcc/arm-none-eabi/12.3.1/thumb/v7e-m+fp/hard/crtbegin.o
                0x0800ab24                        PROVIDE (__init_array_end = .)
                0x0800ab24                        . = ALIGN (0x4)

.fini_array     0x0800ab24        0x4
                0x0800ab24                        . = ALIGN (0x4)
                [!provide]                        PROVIDE (__fini_array_start = .)
 *(SORT_BY_NAME(.fini_array.*))
 *(.fini_array*)
 .fini_array    0x0800ab24        0x4 C:/ST/STM32CubeIDE_1.16.1/STM32CubeIDE/plugins/com.st.stm32cube.ide.mcu.externaltools.gnu-tools-for-stm32.12.3.rel1.win32_1.0.200.202406191623/tools/bin/../lib/gcc/arm-none-eabi/12.3.1/thumb/v7e-m+fp/hard/crtbegin.o
                [!provide]                        PROVIDE (__fini_array_end = .)
                0x0800ab28                        . = ALIGN (0x4)
                0x0800ab28                        _sidata = LOADADDR (.data)

.rel.dyn        0x0800ab28        0x0
 .rel.iplt      0x0800ab28        0x0 C:/ST/STM32CubeIDE_1.16.1/STM32CubeIDE/plugins/com.st.stm32cube.ide.mcu.externaltools.gnu-tools-for-stm32.12.3.rel1.win32_1.0.200.202406191623/tools/bin/../lib/gcc/arm-none-eabi/12.3.1/thumb/v7e-m+fp/hard/crtbegin.o

.data           0x20000000       0x7c load address 0x0800ab28
                0x20000000                        . = ALIGN (0x4)
                0x20000000                        _sdata = .
 *(.data)
 *(.data*)
 .data.SystemCoreClock
                0x20000000        0x4 ./Core/Src/system_stm32f4xx.o
                0x20000000                SystemCoreClock
 .data.uwTickPrio
                0x20000004        0x4 ./Drivers/STM32F4xx_HAL_Driver/Src/stm32f4xx_hal.o
                0x20000004                uwTickPrio
 .data.uwTickFreq
                0x20000008        0x1 ./Drivers/STM32F4xx_HAL_Driver/Src/stm32f4xx_hal.o
                0x20000008                uwTickFreq
 *fill*         0x20000009        0x3 
 .data.CDC_Class
                0x2000000c       0x20 ./Middlewares/ST/STM32_USB_Host_Library/Class/CDC/Src/usbh_cdc.o
                0x2000000c                CDC_Class
 .data._impure_ptr
                0x2000002c        0x4 C:/ST/STM32CubeIDE_1.16.1/STM32CubeIDE/plugins/com.st.stm32cube.ide.mcu.externaltools.gnu-tools-for-stm32.12.3.rel1.win32_1.0.200.202406191623/tools/bin/../lib/gcc/arm-none-eabi/12.3.1/../../../../arm-none-eabi/lib/thumb/v7e-m+fp/hard\libc_nano.a(libc_a-impure.o)
                0x2000002c                _impure_ptr
 .data._impure_data
                0x20000030       0x4c C:/ST/STM32CubeIDE_1.16.1/STM32CubeIDE/plugins/com.st.stm32cube.ide.mcu.externaltools.gnu-tools-for-stm32.12.3.rel1.win32_1.0.200.202406191623/tools/bin/../lib/gcc/arm-none-eabi/12.3.1/../../../../arm-none-eabi/lib/thumb/v7e-m+fp/hard\libc_nano.a(libc_a-impure.o)
                0x20000030                _impure_data
 *(.RamFunc)
 *(.RamFunc*)
                0x2000007c                        . = ALIGN (0x4)
                0x2000007c                        _edata = .

.igot.plt       0x2000007c        0x0 load address 0x0800aba4
 .igot.plt      0x2000007c        0x0 C:/ST/STM32CubeIDE_1.16.1/STM32CubeIDE/plugins/com.st.stm32cube.ide.mcu.externaltools.gnu-tools-for-stm32.12.3.rel1.win32_1.0.200.202406191623/tools/bin/../lib/gcc/arm-none-eabi/12.3.1/thumb/v7e-m+fp/hard/crtbegin.o
                0x2000007c                        . = ALIGN (0x4)

.bss            0x2000007c      0xaac load address 0x0800aba4
                0x2000007c                        _sbss = .
                0x2000007c                        __bss_start__ = _sbss
 *(.bss)
 .bss           0x2000007c       0x1c C:/ST/STM32CubeIDE_1.16.1/STM32CubeIDE/plugins/com.st.stm32cube.ide.mcu.externaltools.gnu-tools-for-stm32.12.3.rel1.win32_1.0.200.202406191623/tools/bin/../lib/gcc/arm-none-eabi/12.3.1/thumb/v7e-m+fp/hard/crtbegin.o
 *(.bss*)
 .bss.hadc1     0x20000098       0x48 ./Core/Src/adc.o
                0x20000098                hadc1
 .bss.hi2c1     0x200000e0       0x54 ./Core/Src/i2c.o
                0x200000e0                hi2c1
 .bss.hi2s2     0x20000134       0x48 ./Core/Src/i2s.o
                0x20000134                hi2s2
 .bss.hi2s3     0x2000017c       0x48 ./Core/Src/i2s.o
                0x2000017c                hi2s3
 .bss.hspi1     0x200001c4       0x58 ./Core/Src/spi.o
                0x200001c4                hspi1
 .bss.__sbrk_heap_end
                0x2000021c        0x4 ./Core/Src/sysmem.o
 .bss.uwTick    0x20000220        0x4 ./Drivers/STM32F4xx_HAL_Driver/Src/stm32f4xx_hal.o
                0x20000220                uwTick
 .bss.hUsbHostFS
                0x20000224      0x3d8 ./USB_HOST/App/usb_host.o
                0x20000224                hUsbHostFS
 .bss.Appli_state
                0x200005fc        0x1 ./USB_HOST/App/usb_host.o
                0x200005fc                Appli_state
 *fill*         0x200005fd        0x3 
 .bss.hhcd_USB_OTG_FS
                0x20000600      0x3e0 ./USB_HOST/Target/usbh_conf.o
                0x20000600                hhcd_USB_OTG_FS
 .bss.__malloc_sbrk_start
                0x200009e0        0x4 C:/ST/STM32CubeIDE_1.16.1/STM32CubeIDE/plugins/com.st.stm32cube.ide.mcu.externaltools.gnu-tools-for-stm32.12.3.rel1.win32_1.0.200.202406191623/tools/bin/../lib/gcc/arm-none-eabi/12.3.1/../../../../arm-none-eabi/lib/thumb/v7e-m+fp/hard\libc_nano.a(libc_a-mallocr.o)
                0x200009e0                __malloc_sbrk_start
 .bss.__malloc_free_list
                0x200009e4        0x4 C:/ST/STM32CubeIDE_1.16.1/STM32CubeIDE/plugins/com.st.stm32cube.ide.mcu.externaltools.gnu-tools-for-stm32.12.3.rel1.win32_1.0.200.202406191623/tools/bin/../lib/gcc/arm-none-eabi/12.3.1/../../../../arm-none-eabi/lib/thumb/v7e-m+fp/hard\libc_nano.a(libc_a-mallocr.o)
                0x200009e4                __malloc_free_list
 .bss.__sf      0x200009e8      0x138 C:/ST/STM32CubeIDE_1.16.1/STM32CubeIDE/plugins/com.st.stm32cube.ide.mcu.externaltools.gnu-tools-for-stm32.12.3.rel1.win32_1.0.200.202406191623/tools/bin/../lib/gcc/arm-none-eabi/12.3.1/../../../../arm-none-eabi/lib/thumb/v7e-m+fp/hard\libc_nano.a(libc_a-findfp.o)
                0x200009e8                __sf
 .bss.errno     0x20000b20        0x4 C:/ST/STM32CubeIDE_1.16.1/STM32CubeIDE/plugins/com.st.stm32cube.ide.mcu.externaltools.gnu-tools-for-stm32.12.3.rel1.win32_1.0.200.202406191623/tools/bin/../lib/gcc/arm-none-eabi/12.3.1/../../../../arm-none-eabi/lib/thumb/v7e-m+fp/hard\libc_nano.a(libc_a-reent.o)
                0x20000b20                errno
 .bss.__lock___malloc_recursive_mutex
                0x20000b24        0x1 C:/ST/STM32CubeIDE_1.16.1/STM32CubeIDE/plugins/com.st.stm32cube.ide.mcu.externaltools.gnu-tools-for-stm32.12.3.rel1.win32_1.0.200.202406191623/tools/bin/../lib/gcc/arm-none-eabi/12.3.1/../../../../arm-none-eabi/lib/thumb/v7e-m+fp/hard\libc_nano.a(libc_a-lock.o)
                0x20000b24                __lock___malloc_recursive_mutex
 *(COMMON)
                0x20000b28                        . = ALIGN (0x4)
 *fill*         0x20000b25        0x3 
                0x20000b28                        _ebss = .
                0x20000b28                        __bss_end__ = _ebss

._user_heap_stack
                0x20000b28      0x600 load address 0x0800aba4
                0x20000b28                        . = ALIGN (0x8)
                [!provide]                        PROVIDE (end = .)
                0x20000b28                        PROVIDE (_end = .)
                0x20000d28                        . = (. + _Min_Heap_Size)
 *fill*         0x20000b28      0x200 
                0x20001128                        . = (. + _Min_Stack_Size)
 *fill*         0x20000d28      0x400 
                0x20001128                        . = ALIGN (0x8)

/DISCARD/
 libc.a(*)
 libm.a(*)
 libgcc.a(*)

.ARM.attributes
                0x00000000       0x30
 *(.ARM.attributes)
 .ARM.attributes
                0x00000000       0x22 C:/ST/STM32CubeIDE_1.16.1/STM32CubeIDE/plugins/com.st.stm32cube.ide.mcu.externaltools.gnu-tools-for-stm32.12.3.rel1.win32_1.0.200.202406191623/tools/bin/../lib/gcc/arm-none-eabi/12.3.1/thumb/v7e-m+fp/hard/crti.o
 .ARM.attributes
                0x00000022       0x34 C:/ST/STM32CubeIDE_1.16.1/STM32CubeIDE/plugins/com.st.stm32cube.ide.mcu.externaltools.gnu-tools-for-stm32.12.3.rel1.win32_1.0.200.202406191623/tools/bin/../lib/gcc/arm-none-eabi/12.3.1/thumb/v7e-m+fp/hard/crtbegin.o
 .ARM.attributes
                0x00000056       0x34 ./Core/Src/adc.o
 .ARM.attributes
                0x0000008a       0x34 ./Core/Src/gpio.o
 .ARM.attributes
                0x000000be       0x34 ./Core/Src/i2c.o
 .ARM.attributes
                0x000000f2       0x34 ./Core/Src/i2s.o
 .ARM.attributes
                0x00000126       0x34 ./Core/Src/main.o
 .ARM.attributes
                0x0000015a       0x34 ./Core/Src/spi.o
 .ARM.attributes
                0x0000018e       0x34 ./Core/Src/stm32f4xx_hal_msp.o
 .ARM.attributes
                0x000001c2       0x34 ./Core/Src/stm32f4xx_it.o
 .ARM.attributes
                0x000001f6       0x34 ./Core/Src/sysmem.o
 .ARM.attributes
                0x0000022a       0x34 ./Core/Src/system_stm32f4xx.o
 .ARM.attributes
                0x0000025e       0x21 ./Core/Startup/startup_stm32f411vetx.o
 .ARM.attributes
                0x0000027f       0x34 ./Drivers/STM32F4xx_HAL_Driver/Src/stm32f4xx_hal.o
 .ARM.attributes
                0x000002b3       0x34 ./Drivers/STM32F4xx_HAL_Driver/Src/stm32f4xx_hal_adc.o
 .ARM.attributes
                0x000002e7       0x34 ./Drivers/STM32F4xx_HAL_Driver/Src/stm32f4xx_hal_cortex.o
 .ARM.attributes
                0x0000031b       0x34 ./Drivers/STM32F4xx_HAL_Driver/Src/stm32f4xx_hal_gpio.o
 .ARM.attributes
                0x0000034f       0x34 ./Drivers/STM32F4xx_HAL_Driver/Src/stm32f4xx_hal_hcd.o
 .ARM.attributes
                0x00000383       0x34 ./Drivers/STM32F4xx_HAL_Driver/Src/stm32f4xx_hal_i2c.o
 .ARM.attributes
                0x000003b7       0x34 ./Drivers/STM32F4xx_HAL_Driver/Src/stm32f4xx_hal_i2s.o
 .ARM.attributes
                0x000003eb       0x34 ./Drivers/STM32F4xx_HAL_Driver/Src/stm32f4xx_hal_i2s_ex.o
 .ARM.attributes
                0x0000041f       0x34 ./Drivers/STM32F4xx_HAL_Driver/Src/stm32f4xx_hal_rcc.o
 .ARM.attributes
                0x00000453       0x34 ./Drivers/STM32F4xx_HAL_Driver/Src/stm32f4xx_hal_rcc_ex.o
 .ARM.attributes
                0x00000487       0x34 ./Drivers/STM32F4xx_HAL_Driver/Src/stm32f4xx_hal_spi.o
 .ARM.attributes
                0x000004bb       0x34 ./Drivers/STM32F4xx_HAL_Driver/Src/stm32f4xx_ll_usb.o
 .ARM.attributes
                0x000004ef       0x34 ./Middlewares/ST/STM32_USB_Host_Library/Class/CDC/Src/usbh_cdc.o
 .ARM.attributes
                0x00000523       0x34 ./Middlewares/ST/STM32_USB_Host_Library/Core/Src/usbh_core.o
 .ARM.attributes
                0x00000557       0x34 ./Middlewares/ST/STM32_USB_Host_Library/Core/Src/usbh_ctlreq.o
 .ARM.attributes
                0x0000058b       0x34 ./Middlewares/ST/STM32_USB_Host_Library/Core/Src/usbh_ioreq.o
 .ARM.attributes
                0x000005bf       0x34 ./Middlewares/ST/STM32_USB_Host_Library/Core/Src/usbh_pipes.o
 .ARM.attributes
                0x000005f3       0x34 ./USB_HOST/App/usb_host.o
 .ARM.attributes
                0x00000627       0x34 ./USB_HOST/Target/usbh_conf.o
 .ARM.attributes
                0x0000065b       0x34 ./USB_HOST/Target/usbh_platform.o
 .ARM.attributes
                0x0000068f       0x39 C:\STM32Projects\POC_workspace\BatDetector2\libs\libarm_cortexM4lf_math.a(arm_fir_init_f32.o)
 .ARM.attributes
                0x000006c8       0x39 C:\STM32Projects\POC_workspace\BatDetector2\libs\libarm_cortexM4lf_math.a(arm_fir_f32.o)
 .ARM.attributes
                0x00000701       0x34 C:/ST/STM32CubeIDE_1.16.1/STM32CubeIDE/plugins/com.st.stm32cube.ide.mcu.externaltools.gnu-tools-for-stm32.12.3.rel1.win32_1.0.200.202406191623/tools/bin/../lib/gcc/arm-none-eabi/12.3.1/../../../../arm-none-eabi/lib/thumb/v7e-m+fp/hard\libc_nano.a(libc_a-malloc.o)
 .ARM.attributes
                0x00000735       0x34 C:/ST/STM32CubeIDE_1.16.1/STM32CubeIDE/plugins/com.st.stm32cube.ide.mcu.externaltools.gnu-tools-for-stm32.12.3.rel1.win32_1.0.200.202406191623/tools/bin/../lib/gcc/arm-none-eabi/12.3.1/../../../../arm-none-eabi/lib/thumb/v7e-m+fp/hard\libc_nano.a(libc_a-mallocr.o)
 .ARM.attributes
                0x00000769       0x34 C:/ST/STM32CubeIDE_1.16.1/STM32CubeIDE/plugins/com.st.stm32cube.ide.mcu.externaltools.gnu-tools-for-stm32.12.3.rel1.win32_1.0.200.202406191623/tools/bin/../lib/gcc/arm-none-eabi/12.3.1/../../../../arm-none-eabi/lib/thumb/v7e-m+fp/hard\libc_nano.a(libc_a-mlock.o)
 .ARM.attributes
                0x0000079d       0x34 C:/ST/STM32CubeIDE_1.16.1/STM32CubeIDE/plugins/com.st.stm32cube.ide.mcu.externaltools.gnu-tools-for-stm32.12.3.rel1.win32_1.0.200.202406191623/tools/bin/../lib/gcc/arm-none-eabi/12.3.1/../../../../arm-none-eabi/lib/thumb/v7e-m+fp/hard\libc_nano.a(libc_a-findfp.o)
 .ARM.attributes
                0x000007d1       0x34 C:/ST/STM32CubeIDE_1.16.1/STM32CubeIDE/plugins/com.st.stm32cube.ide.mcu.externaltools.gnu-tools-for-stm32.12.3.rel1.win32_1.0.200.202406191623/tools/bin/../lib/gcc/arm-none-eabi/12.3.1/../../../../arm-none-eabi/lib/thumb/v7e-m+fp/hard\libc_nano.a(libc_a-memset.o)
 .ARM.attributes
                0x00000805       0x34 C:/ST/STM32CubeIDE_1.16.1/STM32CubeIDE/plugins/com.st.stm32cube.ide.mcu.externaltools.gnu-tools-for-stm32.12.3.rel1.win32_1.0.200.202406191623/tools/bin/../lib/gcc/arm-none-eabi/12.3.1/../../../../arm-none-eabi/lib/thumb/v7e-m+fp/hard\libc_nano.a(libc_a-reent.o)
 .ARM.attributes
                0x00000839       0x34 C:/ST/STM32CubeIDE_1.16.1/STM32CubeIDE/plugins/com.st.stm32cube.ide.mcu.externaltools.gnu-tools-for-stm32.12.3.rel1.win32_1.0.200.202406191623/tools/bin/../lib/gcc/arm-none-eabi/12.3.1/../../../../arm-none-eabi/lib/thumb/v7e-m+fp/hard\libc_nano.a(libc_a-impure.o)
 .ARM.attributes
                0x0000086d       0x34 C:/ST/STM32CubeIDE_1.16.1/STM32CubeIDE/plugins/com.st.stm32cube.ide.mcu.externaltools.gnu-tools-for-stm32.12.3.rel1.win32_1.0.200.202406191623/tools/bin/../lib/gcc/arm-none-eabi/12.3.1/../../../../arm-none-eabi/lib/thumb/v7e-m+fp/hard\libc_nano.a(libc_a-sbrkr.o)
 .ARM.attributes
                0x000008a1       0x34 C:/ST/STM32CubeIDE_1.16.1/STM32CubeIDE/plugins/com.st.stm32cube.ide.mcu.externaltools.gnu-tools-for-stm32.12.3.rel1.win32_1.0.200.202406191623/tools/bin/../lib/gcc/arm-none-eabi/12.3.1/../../../../arm-none-eabi/lib/thumb/v7e-m+fp/hard\libc_nano.a(libc_a-errno.o)
 .ARM.attributes
                0x000008d5       0x34 C:/ST/STM32CubeIDE_1.16.1/STM32CubeIDE/plugins/com.st.stm32cube.ide.mcu.externaltools.gnu-tools-for-stm32.12.3.rel1.win32_1.0.200.202406191623/tools/bin/../lib/gcc/arm-none-eabi/12.3.1/../../../../arm-none-eabi/lib/thumb/v7e-m+fp/hard\libc_nano.a(libc_a-init.o)
 .ARM.attributes
                0x00000909       0x34 C:/ST/STM32CubeIDE_1.16.1/STM32CubeIDE/plugins/com.st.stm32cube.ide.mcu.externaltools.gnu-tools-for-stm32.12.3.rel1.win32_1.0.200.202406191623/tools/bin/../lib/gcc/arm-none-eabi/12.3.1/../../../../arm-none-eabi/lib/thumb/v7e-m+fp/hard\libc_nano.a(libc_a-lock.o)
 .ARM.attributes
                0x0000093d       0x34 C:/ST/STM32CubeIDE_1.16.1/STM32CubeIDE/plugins/com.st.stm32cube.ide.mcu.externaltools.gnu-tools-for-stm32.12.3.rel1.win32_1.0.200.202406191623/tools/bin/../lib/gcc/arm-none-eabi/12.3.1/../../../../arm-none-eabi/lib/thumb/v7e-m+fp/hard\libc_nano.a(libc_a-memcpy-stub.o)
 .ARM.attributes
                0x00000971       0x34 C:/ST/STM32CubeIDE_1.16.1/STM32CubeIDE/plugins/com.st.stm32cube.ide.mcu.externaltools.gnu-tools-for-stm32.12.3.rel1.win32_1.0.200.202406191623/tools/bin/../lib/gcc/arm-none-eabi/12.3.1/../../../../arm-none-eabi/lib/thumb/v7e-m+fp/hard\libc_nano.a(libc_a-freer.o)
 .ARM.attributes
                0x000009a5       0x22 C:/ST/STM32CubeIDE_1.16.1/STM32CubeIDE/plugins/com.st.stm32cube.ide.mcu.externaltools.gnu-tools-for-stm32.12.3.rel1.win32_1.0.200.202406191623/tools/bin/../lib/gcc/arm-none-eabi/12.3.1/thumb/v7e-m+fp/hard\libgcc.a(_aeabi_uldivmod.o)
 .ARM.attributes
                0x000009c7       0x34 C:/ST/STM32CubeIDE_1.16.1/STM32CubeIDE/plugins/com.st.stm32cube.ide.mcu.externaltools.gnu-tools-for-stm32.12.3.rel1.win32_1.0.200.202406191623/tools/bin/../lib/gcc/arm-none-eabi/12.3.1/thumb/v7e-m+fp/hard\libgcc.a(_udivmoddi4.o)
 .ARM.attributes
                0x000009fb       0x22 C:/ST/STM32CubeIDE_1.16.1/STM32CubeIDE/plugins/com.st.stm32cube.ide.mcu.externaltools.gnu-tools-for-stm32.12.3.rel1.win32_1.0.200.202406191623/tools/bin/../lib/gcc/arm-none-eabi/12.3.1/thumb/v7e-m+fp/hard\libgcc.a(_dvmd_tls.o)
 .ARM.attributes
                0x00000a1d       0x22 C:/ST/STM32CubeIDE_1.16.1/STM32CubeIDE/plugins/com.st.stm32cube.ide.mcu.externaltools.gnu-tools-for-stm32.12.3.rel1.win32_1.0.200.202406191623/tools/bin/../lib/gcc/arm-none-eabi/12.3.1/thumb/v7e-m+fp/hard/crtn.o
OUTPUT(BatDetector2.elf elf32-littlearm)
LOAD linker stubs
LOAD C:/ST/STM32CubeIDE_1.16.1/STM32CubeIDE/plugins/com.st.stm32cube.ide.mcu.externaltools.gnu-tools-for-stm32.12.3.rel1.win32_1.0.200.202406191623/tools/bin/../lib/gcc/arm-none-eabi/12.3.1/../../../../arm-none-eabi/lib/thumb/v7e-m+fp/hard\libc.a
LOAD C:/ST/STM32CubeIDE_1.16.1/STM32CubeIDE/plugins/com.st.stm32cube.ide.mcu.externaltools.gnu-tools-for-stm32.12.3.rel1.win32_1.0.200.202406191623/tools/bin/../lib/gcc/arm-none-eabi/12.3.1/../../../../arm-none-eabi/lib/thumb/v7e-m+fp/hard\libm.a
LOAD C:/ST/STM32CubeIDE_1.16.1/STM32CubeIDE/plugins/com.st.stm32cube.ide.mcu.externaltools.gnu-tools-for-stm32.12.3.rel1.win32_1.0.200.202406191623/tools/bin/../lib/gcc/arm-none-eabi/12.3.1/thumb/v7e-m+fp/hard\libgcc.a

.debug_info     0x00000000    0x17789
 .debug_info    0x00000000      0x9c6 ./Core/Src/adc.o
 .debug_info    0x000009c6      0x46b ./Core/Src/gpio.o
 .debug_info    0x00000e31      0x9a5 ./Core/Src/i2c.o
 .debug_info    0x000017d6      0x9d7 ./Core/Src/i2s.o
 .debug_info    0x000021ad      0xdc9 ./Core/Src/main.o
 .debug_info    0x00002f76      0x980 ./Core/Src/spi.o
 .debug_info    0x000038f6      0x2a4 ./Core/Src/stm32f4xx_hal_msp.o
 .debug_info    0x00003b9a      0x6a5 ./Core/Src/stm32f4xx_it.o
 .debug_info    0x0000423f      0x168 ./Core/Src/sysmem.o
 .debug_info    0x000043a7      0x53e ./Core/Src/system_stm32f4xx.o
 .debug_info    0x000048e5       0x30 ./Core/Startup/startup_stm32f411vetx.o
 .debug_info    0x00004915      0x8fe ./Drivers/STM32F4xx_HAL_Driver/Src/stm32f4xx_hal.o
 .debug_info    0x00005213      0xcf3 ./Drivers/STM32F4xx_HAL_Driver/Src/stm32f4xx_hal_adc.o
 .debug_info    0x00005f06      0xd31 ./Drivers/STM32F4xx_HAL_Driver/Src/stm32f4xx_hal_cortex.o
 .debug_info    0x00006c37      0x712 ./Drivers/STM32F4xx_HAL_Driver/Src/stm32f4xx_hal_gpio.o
 .debug_info    0x00007349     0x1164 ./Drivers/STM32F4xx_HAL_Driver/Src/stm32f4xx_hal_hcd.o
 .debug_info    0x000084ad     0x2438 ./Drivers/STM32F4xx_HAL_Driver/Src/stm32f4xx_hal_i2c.o
 .debug_info    0x0000a8e5      0xe32 ./Drivers/STM32F4xx_HAL_Driver/Src/stm32f4xx_hal_i2s.o
 .debug_info    0x0000b717      0xaa4 ./Drivers/STM32F4xx_HAL_Driver/Src/stm32f4xx_hal_i2s_ex.o
 .debug_info    0x0000c1bb      0x90d ./Drivers/STM32F4xx_HAL_Driver/Src/stm32f4xx_hal_rcc.o
 .debug_info    0x0000cac8      0x5c2 ./Drivers/STM32F4xx_HAL_Driver/Src/stm32f4xx_hal_rcc_ex.o
 .debug_info    0x0000d08a     0x1546 ./Drivers/STM32F4xx_HAL_Driver/Src/stm32f4xx_hal_spi.o
 .debug_info    0x0000e5d0     0x1993 ./Drivers/STM32F4xx_HAL_Driver/Src/stm32f4xx_ll_usb.o
 .debug_info    0x0000ff63     0x1470 ./Middlewares/ST/STM32_USB_Host_Library/Class/CDC/Src/usbh_cdc.o
 .debug_info    0x000113d3      0xfb2 ./Middlewares/ST/STM32_USB_Host_Library/Core/Src/usbh_core.o
 .debug_info    0x00012385      0xfa6 ./Middlewares/ST/STM32_USB_Host_Library/Core/Src/usbh_ctlreq.o
 .debug_info    0x0001332b      0xc2b ./Middlewares/ST/STM32_USB_Host_Library/Core/Src/usbh_ioreq.o
 .debug_info    0x00013f56      0xa8e ./Middlewares/ST/STM32_USB_Host_Library/Core/Src/usbh_pipes.o
 .debug_info    0x000149e4      0xa10 ./USB_HOST/App/usb_host.o
 .debug_info    0x000153f4     0x1c82 ./USB_HOST/Target/usbh_conf.o
 .debug_info    0x00017076      0x1d8 ./USB_HOST/Target/usbh_platform.o
 .debug_info    0x0001724e      0x1b9 C:\STM32Projects\POC_workspace\BatDetector2\libs\libarm_cortexM4lf_math.a(arm_fir_init_f32.o)
 .debug_info    0x00017407      0x382 C:\STM32Projects\POC_workspace\BatDetector2\libs\libarm_cortexM4lf_math.a(arm_fir_f32.o)

.debug_abbrev   0x00000000     0x452c
 .debug_abbrev  0x00000000      0x1f2 ./Core/Src/adc.o
 .debug_abbrev  0x000001f2      0x151 ./Core/Src/gpio.o
 .debug_abbrev  0x00000343      0x1f0 ./Core/Src/i2c.o
 .debug_abbrev  0x00000533      0x1f7 ./Core/Src/i2s.o
 .debug_abbrev  0x0000072a      0x264 ./Core/Src/main.o
 .debug_abbrev  0x0000098e      0x1f8 ./Core/Src/spi.o
 .debug_abbrev  0x00000b86       0xf4 ./Core/Src/stm32f4xx_hal_msp.o
 .debug_abbrev  0x00000c7a      0x1a4 ./Core/Src/stm32f4xx_it.o
 .debug_abbrev  0x00000e1e       0xbc ./Core/Src/sysmem.o
 .debug_abbrev  0x00000eda      0x11a ./Core/Src/system_stm32f4xx.o
 .debug_abbrev  0x00000ff4       0x24 ./Core/Startup/startup_stm32f411vetx.o
 .debug_abbrev  0x00001018      0x252 ./Drivers/STM32F4xx_HAL_Driver/Src/stm32f4xx_hal.o
 .debug_abbrev  0x0000126a      0x207 ./Drivers/STM32F4xx_HAL_Driver/Src/stm32f4xx_hal_adc.o
 .debug_abbrev  0x00001471      0x339 ./Drivers/STM32F4xx_HAL_Driver/Src/stm32f4xx_hal_cortex.o
 .debug_abbrev  0x000017aa      0x1f0 ./Drivers/STM32F4xx_HAL_Driver/Src/stm32f4xx_hal_gpio.o
 .debug_abbrev  0x0000199a      0x2ab ./Drivers/STM32F4xx_HAL_Driver/Src/stm32f4xx_hal_hcd.o
 .debug_abbrev  0x00001c45      0x2d1 ./Drivers/STM32F4xx_HAL_Driver/Src/stm32f4xx_hal_i2c.o
 .debug_abbrev  0x00001f16      0x27a ./Drivers/STM32F4xx_HAL_Driver/Src/stm32f4xx_hal_i2s.o
 .debug_abbrev  0x00002190      0x285 ./Drivers/STM32F4xx_HAL_Driver/Src/stm32f4xx_hal_i2s_ex.o
 .debug_abbrev  0x00002415      0x2cb ./Drivers/STM32F4xx_HAL_Driver/Src/stm32f4xx_hal_rcc.o
 .debug_abbrev  0x000026e0      0x1e0 ./Drivers/STM32F4xx_HAL_Driver/Src/stm32f4xx_hal_rcc_ex.o
 .debug_abbrev  0x000028c0      0x28b ./Drivers/STM32F4xx_HAL_Driver/Src/stm32f4xx_hal_spi.o
 .debug_abbrev  0x00002b4b      0x2b3 ./Drivers/STM32F4xx_HAL_Driver/Src/stm32f4xx_ll_usb.o
 .debug_abbrev  0x00002dfe      0x33c ./Middlewares/ST/STM32_USB_Host_Library/Class/CDC/Src/usbh_cdc.o
 .debug_abbrev  0x0000313a      0x32a ./Middlewares/ST/STM32_USB_Host_Library/Core/Src/usbh_core.o
 .debug_abbrev  0x00003464      0x2ff ./Middlewares/ST/STM32_USB_Host_Library/Core/Src/usbh_ctlreq.o
 .debug_abbrev  0x00003763      0x245 ./Middlewares/ST/STM32_USB_Host_Library/Core/Src/usbh_ioreq.o
 .debug_abbrev  0x000039a8      0x281 ./Middlewares/ST/STM32_USB_Host_Library/Core/Src/usbh_pipes.o
 .debug_abbrev  0x00003c29      0x26e ./USB_HOST/App/usb_host.o
 .debug_abbrev  0x00003e97      0x3c2 ./USB_HOST/Target/usbh_conf.o
 .debug_abbrev  0x00004259      0x114 ./USB_HOST/Target/usbh_platform.o
 .debug_abbrev  0x0000436d       0xe8 C:\STM32Projects\POC_workspace\BatDetector2\libs\libarm_cortexM4lf_math.a(arm_fir_init_f32.o)
 .debug_abbrev  0x00004455       0xd7 C:\STM32Projects\POC_workspace\BatDetector2\libs\libarm_cortexM4lf_math.a(arm_fir_f32.o)

.debug_aranges  0x00000000     0x1318
 .debug_aranges
                0x00000000       0x30 ./Core/Src/adc.o
 .debug_aranges
                0x00000030       0x20 ./Core/Src/gpio.o
 .debug_aranges
                0x00000050       0x30 ./Core/Src/i2c.o
 .debug_aranges
                0x00000080       0x38 ./Core/Src/i2s.o
 .debug_aranges
                0x000000b8       0x40 ./Core/Src/main.o
 .debug_aranges
                0x000000f8       0x30 ./Core/Src/spi.o
 .debug_aranges
                0x00000128       0x20 ./Core/Src/stm32f4xx_hal_msp.o
 .debug_aranges
                0x00000148       0x68 ./Core/Src/stm32f4xx_it.o
 .debug_aranges
                0x000001b0       0x20 ./Core/Src/sysmem.o
 .debug_aranges
                0x000001d0       0x28 ./Core/Src/system_stm32f4xx.o
 .debug_aranges
                0x000001f8       0x28 ./Core/Startup/startup_stm32f411vetx.o
 .debug_aranges
                0x00000220       0xf0 ./Drivers/STM32F4xx_HAL_Driver/Src/stm32f4xx_hal.o
 .debug_aranges
                0x00000310       0xe8 ./Drivers/STM32F4xx_HAL_Driver/Src/stm32f4xx_hal_adc.o
 .debug_aranges
                0x000003f8      0x130 ./Drivers/STM32F4xx_HAL_Driver/Src/stm32f4xx_hal_cortex.o
 .debug_aranges
                0x00000528       0x58 ./Drivers/STM32F4xx_HAL_Driver/Src/stm32f4xx_hal_gpio.o
 .debug_aranges
                0x00000580      0x108 ./Drivers/STM32F4xx_HAL_Driver/Src/stm32f4xx_hal_hcd.o
 .debug_aranges
                0x00000688      0x2a8 ./Drivers/STM32F4xx_HAL_Driver/Src/stm32f4xx_hal_i2c.o
 .debug_aranges
                0x00000930      0x108 ./Drivers/STM32F4xx_HAL_Driver/Src/stm32f4xx_hal_i2s.o
 .debug_aranges
                0x00000a38       0x88 ./Drivers/STM32F4xx_HAL_Driver/Src/stm32f4xx_hal_i2s_ex.o
 .debug_aranges
                0x00000ac0       0x88 ./Drivers/STM32F4xx_HAL_Driver/Src/stm32f4xx_hal_rcc.o
 .debug_aranges
                0x00000b48       0x50 ./Drivers/STM32F4xx_HAL_Driver/Src/stm32f4xx_hal_rcc_ex.o
 .debug_aranges
                0x00000b98      0x1d0 ./Drivers/STM32F4xx_HAL_Driver/Src/stm32f4xx_hal_spi.o
 .debug_aranges
                0x00000d68      0x1a0 ./Drivers/STM32F4xx_HAL_Driver/Src/stm32f4xx_ll_usb.o
 .debug_aranges
                0x00000f08       0xa8 ./Middlewares/ST/STM32_USB_Host_Library/Class/CDC/Src/usbh_cdc.o
 .debug_aranges
                0x00000fb0       0xc0 ./Middlewares/ST/STM32_USB_Host_Library/Core/Src/usbh_core.o
 .debug_aranges
                0x00001070       0xa0 ./Middlewares/ST/STM32_USB_Host_Library/Core/Src/usbh_ctlreq.o
 .debug_aranges
                0x00001110       0x60 ./Middlewares/ST/STM32_USB_Host_Library/Core/Src/usbh_ioreq.o
 .debug_aranges
                0x00001170       0x40 ./Middlewares/ST/STM32_USB_Host_Library/Core/Src/usbh_pipes.o
 .debug_aranges
                0x000011b0       0x30 ./USB_HOST/App/usb_host.o
 .debug_aranges
                0x000011e0       0xd8 ./USB_HOST/Target/usbh_conf.o
 .debug_aranges
                0x000012b8       0x20 ./USB_HOST/Target/usbh_platform.o
 .debug_aranges
                0x000012d8       0x20 C:\STM32Projects\POC_workspace\BatDetector2\libs\libarm_cortexM4lf_math.a(arm_fir_init_f32.o)
 .debug_aranges
                0x000012f8       0x20 C:\STM32Projects\POC_workspace\BatDetector2\libs\libarm_cortexM4lf_math.a(arm_fir_f32.o)

.debug_rnglists
                0x00000000      0xe49
 .debug_rnglists
                0x00000000       0x21 ./Core/Src/adc.o
 .debug_rnglists
                0x00000021       0x14 ./Core/Src/gpio.o
 .debug_rnglists
                0x00000035       0x20 ./Core/Src/i2c.o
 .debug_rnglists
                0x00000055       0x26 ./Core/Src/i2s.o
 .debug_rnglists
                0x0000007b       0x2d ./Core/Src/main.o
 .debug_rnglists
                0x000000a8       0x20 ./Core/Src/spi.o
 .debug_rnglists
                0x000000c8       0x13 ./Core/Src/stm32f4xx_hal_msp.o
 .debug_rnglists
                0x000000db       0x49 ./Core/Src/stm32f4xx_it.o
 .debug_rnglists
                0x00000124       0x13 ./Core/Src/sysmem.o
 .debug_rnglists
                0x00000137       0x1a ./Core/Src/system_stm32f4xx.o
 .debug_rnglists
                0x00000151       0x19 ./Core/Startup/startup_stm32f411vetx.o
 .debug_rnglists
                0x0000016a       0xaf ./Drivers/STM32F4xx_HAL_Driver/Src/stm32f4xx_hal.o
 .debug_rnglists
                0x00000219       0xb8 ./Drivers/STM32F4xx_HAL_Driver/Src/stm32f4xx_hal_adc.o
 .debug_rnglists
                0x000002d1       0xe0 ./Drivers/STM32F4xx_HAL_Driver/Src/stm32f4xx_hal_cortex.o
 .debug_rnglists
                0x000003b1       0x3f ./Drivers/STM32F4xx_HAL_Driver/Src/stm32f4xx_hal_gpio.o
 .debug_rnglists
                0x000003f0       0xca ./Drivers/STM32F4xx_HAL_Driver/Src/stm32f4xx_hal_hcd.o
 .debug_rnglists
                0x000004ba      0x23d ./Drivers/STM32F4xx_HAL_Driver/Src/stm32f4xx_hal_i2c.o
 .debug_rnglists
                0x000006f7       0xcd ./Drivers/STM32F4xx_HAL_Driver/Src/stm32f4xx_hal_i2s.o
 .debug_rnglists
                0x000007c4       0x6a ./Drivers/STM32F4xx_HAL_Driver/Src/stm32f4xx_hal_i2s_ex.o
 .debug_rnglists
                0x0000082e       0x66 ./Drivers/STM32F4xx_HAL_Driver/Src/stm32f4xx_hal_rcc.o
 .debug_rnglists
                0x00000894       0x3c ./Drivers/STM32F4xx_HAL_Driver/Src/stm32f4xx_hal_rcc_ex.o
 .debug_rnglists
                0x000008d0      0x170 ./Drivers/STM32F4xx_HAL_Driver/Src/stm32f4xx_hal_spi.o
 .debug_rnglists
                0x00000a40      0x147 ./Drivers/STM32F4xx_HAL_Driver/Src/stm32f4xx_ll_usb.o
 .debug_rnglists
                0x00000b87       0x7e ./Middlewares/ST/STM32_USB_Host_Library/Class/CDC/Src/usbh_cdc.o
 .debug_rnglists
                0x00000c05       0x8f ./Middlewares/ST/STM32_USB_Host_Library/Core/Src/usbh_core.o
 .debug_rnglists
                0x00000c94       0x77 ./Middlewares/ST/STM32_USB_Host_Library/Core/Src/usbh_ctlreq.o
 .debug_rnglists
                0x00000d0b       0x43 ./Middlewares/ST/STM32_USB_Host_Library/Core/Src/usbh_ioreq.o
 .debug_rnglists
                0x00000d4e       0x2b ./Middlewares/ST/STM32_USB_Host_Library/Core/Src/usbh_pipes.o
 .debug_rnglists
                0x00000d79       0x1f ./USB_HOST/App/usb_host.o
 .debug_rnglists
                0x00000d98       0x9e ./USB_HOST/Target/usbh_conf.o
 .debug_rnglists
                0x00000e36       0x13 ./USB_HOST/Target/usbh_platform.o

.debug_macro    0x00000000    0x1b60f
 .debug_macro   0x00000000      0x246 ./Core/Src/adc.o
 .debug_macro   0x00000246      0xab4 ./Core/Src/adc.o
 .debug_macro   0x00000cfa      0x2b4 ./Core/Src/adc.o
 .debug_macro   0x00000fae       0x2e ./Core/Src/adc.o
 .debug_macro   0x00000fdc       0x28 ./Core/Src/adc.o
 .debug_macro   0x00001004       0x22 ./Core/Src/adc.o
 .debug_macro   0x00001026       0x8e ./Core/Src/adc.o
 .debug_macro   0x000010b4       0x51 ./Core/Src/adc.o
 .debug_macro   0x00001105      0x103 ./Core/Src/adc.o
 .debug_macro   0x00001208       0x6a ./Core/Src/adc.o
 .debug_macro   0x00001272      0x1df ./Core/Src/adc.o
 .debug_macro   0x00001451       0x1c ./Core/Src/adc.o
 .debug_macro   0x0000146d       0x22 ./Core/Src/adc.o
 .debug_macro   0x0000148f       0xfb ./Core/Src/adc.o
 .debug_macro   0x0000158a     0x1011 ./Core/Src/adc.o
 .debug_macro   0x0000259b      0x11f ./Core/Src/adc.o
 .debug_macro   0x000026ba     0xb953 ./Core/Src/adc.o
 .debug_macro   0x0000e00d       0x6d ./Core/Src/adc.o
 .debug_macro   0x0000e07a     0x369a ./Core/Src/adc.o
 .debug_macro   0x00011714      0x189 ./Core/Src/adc.o
 .debug_macro   0x0001189d       0x5c ./Core/Src/adc.o
 .debug_macro   0x000118f9      0x45c ./Core/Src/adc.o
 .debug_macro   0x00011d55      0x9e9 ./Core/Src/adc.o
 .debug_macro   0x0001273e      0x115 ./Core/Src/adc.o
 .debug_macro   0x00012853      0x11b ./Core/Src/adc.o
 .debug_macro   0x0001296e       0xa5 ./Core/Src/adc.o
 .debug_macro   0x00012a13      0x15f ./Core/Src/adc.o
 .debug_macro   0x00012b72      0x287 ./Core/Src/adc.o
 .debug_macro   0x00012df9       0x5f ./Core/Src/adc.o
 .debug_macro   0x00012e58      0x236 ./Core/Src/adc.o
 .debug_macro   0x0001308e      0x9e1 ./Core/Src/adc.o
 .debug_macro   0x00013a6f      0x38b ./Core/Src/adc.o
 .debug_macro   0x00013dfa      0x17d ./Core/Src/adc.o
 .debug_macro   0x00013f77       0xf9 ./Core/Src/adc.o
 .debug_macro   0x00014070      0x132 ./Core/Src/adc.o
 .debug_macro   0x000141a2      0x264 ./Core/Src/adc.o
 .debug_macro   0x00014406       0x2e ./Core/Src/adc.o
 .debug_macro   0x00014434      0x1b5 ./Core/Src/adc.o
 .debug_macro   0x000145e9       0x22 ./Core/Src/adc.o
 .debug_macro   0x0001460b       0xd6 ./Core/Src/adc.o
 .debug_macro   0x000146e1      0x1a7 ./Core/Src/adc.o
 .debug_macro   0x00014888       0x46 ./Core/Src/adc.o
 .debug_macro   0x000148ce       0x4a ./Core/Src/adc.o
 .debug_macro   0x00014918      0x127 ./Core/Src/adc.o
 .debug_macro   0x00014a3f       0x85 ./Core/Src/adc.o
 .debug_macro   0x00014ac4       0x89 ./Core/Src/adc.o
 .debug_macro   0x00014b4d      0x225 ./Core/Src/adc.o
 .debug_macro   0x00014d72      0x293 ./Core/Src/adc.o
 .debug_macro   0x00015005       0x98 ./Core/Src/adc.o
 .debug_macro   0x0001509d      0x126 ./Core/Src/adc.o
 .debug_macro   0x000151c3      0x190 ./Core/Src/adc.o
 .debug_macro   0x00015353      0x246 ./Core/Src/gpio.o
 .debug_macro   0x00015599      0x246 ./Core/Src/i2c.o
 .debug_macro   0x000157df      0x246 ./Core/Src/i2s.o
 .debug_macro   0x00015a25      0x37f ./Core/Src/main.o
 .debug_macro   0x00015da4       0x19 ./Core/Src/main.o
 .debug_macro   0x00015dbd       0x61 ./Core/Src/main.o
 .debug_macro   0x00015e1e       0x2a ./Core/Src/main.o
 .debug_macro   0x00015e48       0x43 ./Core/Src/main.o
 .debug_macro   0x00015e8b       0x34 ./Core/Src/main.o
 .debug_macro   0x00015ebf       0x16 ./Core/Src/main.o
 .debug_macro   0x00015ed5       0x43 ./Core/Src/main.o
 .debug_macro   0x00015f18       0x34 ./Core/Src/main.o
 .debug_macro   0x00015f4c       0x10 ./Core/Src/main.o
 .debug_macro   0x00015f5c       0x58 ./Core/Src/main.o
 .debug_macro   0x00015fb4       0x8e ./Core/Src/main.o
 .debug_macro   0x00016042       0x1c ./Core/Src/main.o
 .debug_macro   0x0001605e      0x177 ./Core/Src/main.o
 .debug_macro   0x000161d5      0x369 ./Core/Src/main.o
 .debug_macro   0x0001653e       0x10 ./Core/Src/main.o
 .debug_macro   0x0001654e       0x35 ./Core/Src/main.o
 .debug_macro   0x00016583       0x20 ./Core/Src/main.o
 .debug_macro   0x000165a3      0x19b ./Core/Src/main.o
 .debug_macro   0x0001673e       0xd6 ./Core/Src/main.o
 .debug_macro   0x00016814      0x246 ./Core/Src/spi.o
 .debug_macro   0x00016a5a      0x23c ./Core/Src/stm32f4xx_hal_msp.o
 .debug_macro   0x00016c96      0x246 ./Core/Src/stm32f4xx_it.o
 .debug_macro   0x00016edc       0xff ./Core/Src/sysmem.o
 .debug_macro   0x00016fdb      0x23c ./Core/Src/sysmem.o
 .debug_macro   0x00017217      0x22d ./Core/Src/system_stm32f4xx.o
 .debug_macro   0x00017444      0x28d ./Drivers/STM32F4xx_HAL_Driver/Src/stm32f4xx_hal.o
 .debug_macro   0x000176d1      0x22e ./Drivers/STM32F4xx_HAL_Driver/Src/stm32f4xx_hal_adc.o
 .debug_macro   0x000178ff      0x22d ./Drivers/STM32F4xx_HAL_Driver/Src/stm32f4xx_hal_cortex.o
 .debug_macro   0x00017b2c      0x233 ./Drivers/STM32F4xx_HAL_Driver/Src/stm32f4xx_hal_gpio.o
 .debug_macro   0x00017d5f      0x22d ./Drivers/STM32F4xx_HAL_Driver/Src/stm32f4xx_hal_hcd.o
 .debug_macro   0x00017f8c      0x27b ./Drivers/STM32F4xx_HAL_Driver/Src/stm32f4xx_hal_i2c.o
 .debug_macro   0x00018207      0x235 ./Drivers/STM32F4xx_HAL_Driver/Src/stm32f4xx_hal_i2s.o
 .debug_macro   0x0001843c      0x22d ./Drivers/STM32F4xx_HAL_Driver/Src/stm32f4xx_hal_i2s_ex.o
 .debug_macro   0x00018669      0x251 ./Drivers/STM32F4xx_HAL_Driver/Src/stm32f4xx_hal_rcc.o
 .debug_macro   0x000188ba      0x22d ./Drivers/STM32F4xx_HAL_Driver/Src/stm32f4xx_hal_rcc_ex.o
 .debug_macro   0x00018ae7      0x23c ./Drivers/STM32F4xx_HAL_Driver/Src/stm32f4xx_hal_spi.o
 .debug_macro   0x00018d23      0x22d ./Drivers/STM32F4xx_HAL_Driver/Src/stm32f4xx_ll_usb.o
 .debug_macro   0x00018f50      0x3d4 ./Middlewares/ST/STM32_USB_Host_Library/Class/CDC/Src/usbh_cdc.o
 .debug_macro   0x00019324       0x16 ./Middlewares/ST/STM32_USB_Host_Library/Class/CDC/Src/usbh_cdc.o
 .debug_macro   0x0001933a       0x9e ./Middlewares/ST/STM32_USB_Host_Library/Class/CDC/Src/usbh_cdc.o
 .debug_macro   0x000193d8      0x10b ./Middlewares/ST/STM32_USB_Host_Library/Class/CDC/Src/usbh_cdc.o
 .debug_macro   0x000194e3       0x16 ./Middlewares/ST/STM32_USB_Host_Library/Class/CDC/Src/usbh_cdc.o
 .debug_macro   0x000194f9       0x16 ./Middlewares/ST/STM32_USB_Host_Library/Class/CDC/Src/usbh_cdc.o
 .debug_macro   0x0001950f       0x56 ./Middlewares/ST/STM32_USB_Host_Library/Class/CDC/Src/usbh_cdc.o
 .debug_macro   0x00019565       0x73 ./Middlewares/ST/STM32_USB_Host_Library/Class/CDC/Src/usbh_cdc.o
 .debug_macro   0x000195d8      0x233 ./Middlewares/ST/STM32_USB_Host_Library/Class/CDC/Src/usbh_cdc.o
 .debug_macro   0x0001980b       0x2e ./Middlewares/ST/STM32_USB_Host_Library/Class/CDC/Src/usbh_cdc.o
 .debug_macro   0x00019839       0x2e ./Middlewares/ST/STM32_USB_Host_Library/Class/CDC/Src/usbh_cdc.o
 .debug_macro   0x00019867       0x28 ./Middlewares/ST/STM32_USB_Host_Library/Class/CDC/Src/usbh_cdc.o
 .debug_macro   0x0001988f      0x15b ./Middlewares/ST/STM32_USB_Host_Library/Class/CDC/Src/usbh_cdc.o
 .debug_macro   0x000199ea      0x3d1 ./Middlewares/ST/STM32_USB_Host_Library/Core/Src/usbh_core.o
 .debug_macro   0x00019dbb      0x3c9 ./Middlewares/ST/STM32_USB_Host_Library/Core/Src/usbh_ctlreq.o
 .debug_macro   0x0001a184       0x28 ./Middlewares/ST/STM32_USB_Host_Library/Core/Src/usbh_ctlreq.o
 .debug_macro   0x0001a1ac      0x3c3 ./Middlewares/ST/STM32_USB_Host_Library/Core/Src/usbh_ioreq.o
 .debug_macro   0x0001a56f      0x3c3 ./Middlewares/ST/STM32_USB_Host_Library/Core/Src/usbh_pipes.o
 .debug_macro   0x0001a932      0x3d2 ./USB_HOST/App/usb_host.o
 .debug_macro   0x0001ad04      0x196 ./USB_HOST/App/usb_host.o
 .debug_macro   0x0001ae9a      0x161 ./USB_HOST/App/usb_host.o
 .debug_macro   0x0001affb      0x3d3 ./USB_HOST/Target/usbh_conf.o
 .debug_macro   0x0001b3ce      0x241 ./USB_HOST/Target/usbh_platform.o

.debug_line     0x00000000    0x1da84
 .debug_line    0x00000000      0x872 ./Core/Src/adc.o
 .debug_line    0x00000872      0x83e ./Core/Src/gpio.o
 .debug_line    0x000010b0      0x85c ./Core/Src/i2c.o
 .debug_line    0x0000190c      0x8f6 ./Core/Src/i2s.o
 .debug_line    0x00002202      0xac6 ./Core/Src/main.o
 .debug_line    0x00002cc8      0x864 ./Core/Src/spi.o
 .debug_line    0x0000352c      0x7f4 ./Core/Src/stm32f4xx_hal_msp.o
 .debug_line    0x00003d20      0x8cd ./Core/Src/stm32f4xx_it.o
 .debug_line    0x000045ed      0x583 ./Core/Src/sysmem.o
 .debug_line    0x00004b70      0x877 ./Core/Src/system_stm32f4xx.o
 .debug_line    0x000053e7       0x7a ./Core/Startup/startup_stm32f411vetx.o
 .debug_line    0x00005461      0xaf4 ./Drivers/STM32F4xx_HAL_Driver/Src/stm32f4xx_hal.o
 .debug_line    0x00005f55     0x1577 ./Drivers/STM32F4xx_HAL_Driver/Src/stm32f4xx_hal_adc.o
 .debug_line    0x000074cc      0xfef ./Drivers/STM32F4xx_HAL_Driver/Src/stm32f4xx_hal_cortex.o
 .debug_line    0x000084bb      0xdbb ./Drivers/STM32F4xx_HAL_Driver/Src/stm32f4xx_hal_gpio.o
 .debug_line    0x00009276     0x15ab ./Drivers/STM32F4xx_HAL_Driver/Src/stm32f4xx_hal_hcd.o
 .debug_line    0x0000a821     0x3e6d ./Drivers/STM32F4xx_HAL_Driver/Src/stm32f4xx_hal_i2c.o
 .debug_line    0x0000e68e     0x159f ./Drivers/STM32F4xx_HAL_Driver/Src/stm32f4xx_hal_i2s.o
 .debug_line    0x0000fc2d     0x1509 ./Drivers/STM32F4xx_HAL_Driver/Src/stm32f4xx_hal_i2s_ex.o
 .debug_line    0x00011136     0x1032 ./Drivers/STM32F4xx_HAL_Driver/Src/stm32f4xx_hal_rcc.o
 .debug_line    0x00012168      0xc4b ./Drivers/STM32F4xx_HAL_Driver/Src/stm32f4xx_hal_rcc_ex.o
 .debug_line    0x00012db3     0x1fa6 ./Drivers/STM32F4xx_HAL_Driver/Src/stm32f4xx_hal_spi.o
 .debug_line    0x00014d59     0x1e5f ./Drivers/STM32F4xx_HAL_Driver/Src/stm32f4xx_ll_usb.o
 .debug_line    0x00016bb8      0xf81 ./Middlewares/ST/STM32_USB_Host_Library/Class/CDC/Src/usbh_cdc.o
 .debug_line    0x00017b39     0x1212 ./Middlewares/ST/STM32_USB_Host_Library/Core/Src/usbh_core.o
 .debug_line    0x00018d4b     0x11ae ./Middlewares/ST/STM32_USB_Host_Library/Core/Src/usbh_ctlreq.o
 .debug_line    0x00019ef9      0xb53 ./Middlewares/ST/STM32_USB_Host_Library/Core/Src/usbh_ioreq.o