17:37:49 **** Build of configuration Debug for project bat_detector ****
make -j2 all 
arm-none-eabi-gcc "../Core/Src/main.c" -mcpu=cortex-m4 -std=gnu11 -g3 -DDEBUG -DUSE_HAL_DRIVER -DSTM32F411xE -c -I../Core/Inc -I../Drivers/STM32F4xx_HAL_Driver/Inc -I../Drivers/STM32F4xx_HAL_Driver/Inc/Legacy -I../Drivers/CMSIS/Device/ST/STM32F4xx/Include -I../Drivers/CMSIS/Include -O0 -ffunction-sections -fdata-sections -Wall -fstack-usage -fcyclomatic-complexity -MMD -MP -MF"Core/Src/main.d" -MT"Core/Src/main.o" --specs=nano.specs -mfpu=fpv4-sp-d16 -mfloat-abi=hard -mthumb -o "Core/Src/main.o"
arm-none-eabi-gcc -o "bat_detector.elf" @"objects.list"   -mcpu=cortex-m4 -T"C:\STM32Projects\POC_workspace\bat_detector\STM32F411VETX_FLASH.ld" --specs=nosys.specs -Wl,-Map="bat_detector.map" -Wl,--gc-sections -static --specs=nano.specs -mfpu=fpv4-sp-d16 -mfloat-abi=hard -mthumb -Wl,--start-group -lc -lm -Wl,--end-group
Finished building target: bat_detector.elf
 
arm-none-eabi-size  bat_detector.elf 
arm-none-eabi-objdump -h -S bat_detector.elf  > "bat_detector.list"
   text	   data	    bss	    dec	    hex	filename
   8088	     12	   1572	   9672	   25c8	bat_detector.elf
Finished building: default.size.stdout
 
Finished building: bat_detector.list
 

17:37:52 Build Finished. 0 errors, 0 warnings. (took 2s.711ms)

